Archive member included to satisfy reference by file (symbol)

/opt/st/stm32cubeide_1.4.0/plugins/com.st.stm32cube.ide.mcu.externaltools.gnu-tools-for-stm32.9-2020-q2-update.linux64_1.5.0.202011040924/tools/bin/../lib/gcc/arm-none-eabi/9.3.1/../../../../arm-none-eabi/lib/thumb/v7-m/nofp/libc_nano.a(lib_a-errno.o)
                              Src/syscalls.o (__errno)
/opt/st/stm32cubeide_1.4.0/plugins/com.st.stm32cube.ide.mcu.externaltools.gnu-tools-for-stm32.9-2020-q2-update.linux64_1.5.0.202011040924/tools/bin/../lib/gcc/arm-none-eabi/9.3.1/../../../../arm-none-eabi/lib/thumb/v7-m/nofp/libc_nano.a(lib_a-exit.o)
                              /opt/st/stm32cubeide_1.4.0/plugins/com.st.stm32cube.ide.mcu.externaltools.gnu-tools-for-stm32.9-2020-q2-update.linux64_1.5.0.202011040924/tools/bin/../lib/gcc/arm-none-eabi/9.3.1/../../../../arm-none-eabi/lib/thumb/v7-m/nofp/crt0.o (exit)
/opt/st/stm32cubeide_1.4.0/plugins/com.st.stm32cube.ide.mcu.externaltools.gnu-tools-for-stm32.9-2020-q2-update.linux64_1.5.0.202011040924/tools/bin/../lib/gcc/arm-none-eabi/9.3.1/../../../../arm-none-eabi/lib/thumb/v7-m/nofp/libc_nano.a(lib_a-impure.o)
                              /opt/st/stm32cubeide_1.4.0/plugins/com.st.stm32cube.ide.mcu.externaltools.gnu-tools-for-stm32.9-2020-q2-update.linux64_1.5.0.202011040924/tools/bin/../lib/gcc/arm-none-eabi/9.3.1/../../../../arm-none-eabi/lib/thumb/v7-m/nofp/libc_nano.a(lib_a-exit.o) (_global_impure_ptr)
/opt/st/stm32cubeide_1.4.0/plugins/com.st.stm32cube.ide.mcu.externaltools.gnu-tools-for-stm32.9-2020-q2-update.linux64_1.5.0.202011040924/tools/bin/../lib/gcc/arm-none-eabi/9.3.1/../../../../arm-none-eabi/lib/thumb/v7-m/nofp/libc_nano.a(lib_a-init.o)
                              /opt/st/stm32cubeide_1.4.0/plugins/com.st.stm32cube.ide.mcu.externaltools.gnu-tools-for-stm32.9-2020-q2-update.linux64_1.5.0.202011040924/tools/bin/../lib/gcc/arm-none-eabi/9.3.1/../../../../arm-none-eabi/lib/thumb/v7-m/nofp/crt0.o (__libc_init_array)
/opt/st/stm32cubeide_1.4.0/plugins/com.st.stm32cube.ide.mcu.externaltools.gnu-tools-for-stm32.9-2020-q2-update.linux64_1.5.0.202011040924/tools/bin/../lib/gcc/arm-none-eabi/9.3.1/../../../../arm-none-eabi/lib/thumb/v7-m/nofp/libc_nano.a(lib_a-memcpy-stub.o)
                              Src/nrf24l01.o (memcpy)
/opt/st/stm32cubeide_1.4.0/plugins/com.st.stm32cube.ide.mcu.externaltools.gnu-tools-for-stm32.9-2020-q2-update.linux64_1.5.0.202011040924/tools/bin/../lib/gcc/arm-none-eabi/9.3.1/../../../../arm-none-eabi/lib/thumb/v7-m/nofp/libc_nano.a(lib_a-memset.o)
                              /opt/st/stm32cubeide_1.4.0/plugins/com.st.stm32cube.ide.mcu.externaltools.gnu-tools-for-stm32.9-2020-q2-update.linux64_1.5.0.202011040924/tools/bin/../lib/gcc/arm-none-eabi/9.3.1/../../../../arm-none-eabi/lib/thumb/v7-m/nofp/crt0.o (memset)
/opt/st/stm32cubeide_1.4.0/plugins/com.st.stm32cube.ide.mcu.externaltools.gnu-tools-for-stm32.9-2020-q2-update.linux64_1.5.0.202011040924/tools/bin/../lib/gcc/arm-none-eabi/9.3.1/../../../../arm-none-eabi/lib/thumb/v7-m/nofp/libc_nano.a(lib_a-snprintf.o)
                              Src/main.o (snprintf)
/opt/st/stm32cubeide_1.4.0/plugins/com.st.stm32cube.ide.mcu.externaltools.gnu-tools-for-stm32.9-2020-q2-update.linux64_1.5.0.202011040924/tools/bin/../lib/gcc/arm-none-eabi/9.3.1/../../../../arm-none-eabi/lib/thumb/v7-m/nofp/libc_nano.a(lib_a-strlen.o)
                              Src/main.o (strlen)
/opt/st/stm32cubeide_1.4.0/plugins/com.st.stm32cube.ide.mcu.externaltools.gnu-tools-for-stm32.9-2020-q2-update.linux64_1.5.0.202011040924/tools/bin/../lib/gcc/arm-none-eabi/9.3.1/../../../../arm-none-eabi/lib/thumb/v7-m/nofp/libc_nano.a(lib_a-nano-svfprintf.o)
                              /opt/st/stm32cubeide_1.4.0/plugins/com.st.stm32cube.ide.mcu.externaltools.gnu-tools-for-stm32.9-2020-q2-update.linux64_1.5.0.202011040924/tools/bin/../lib/gcc/arm-none-eabi/9.3.1/../../../../arm-none-eabi/lib/thumb/v7-m/nofp/libc_nano.a(lib_a-snprintf.o) (_svfprintf_r)
/opt/st/stm32cubeide_1.4.0/plugins/com.st.stm32cube.ide.mcu.externaltools.gnu-tools-for-stm32.9-2020-q2-update.linux64_1.5.0.202011040924/tools/bin/../lib/gcc/arm-none-eabi/9.3.1/../../../../arm-none-eabi/lib/thumb/v7-m/nofp/libc_nano.a(lib_a-nano-vfprintf_i.o)
                              /opt/st/stm32cubeide_1.4.0/plugins/com.st.stm32cube.ide.mcu.externaltools.gnu-tools-for-stm32.9-2020-q2-update.linux64_1.5.0.202011040924/tools/bin/../lib/gcc/arm-none-eabi/9.3.1/../../../../arm-none-eabi/lib/thumb/v7-m/nofp/libc_nano.a(lib_a-nano-svfprintf.o) (_printf_i)
/opt/st/stm32cubeide_1.4.0/plugins/com.st.stm32cube.ide.mcu.externaltools.gnu-tools-for-stm32.9-2020-q2-update.linux64_1.5.0.202011040924/tools/bin/../lib/gcc/arm-none-eabi/9.3.1/../../../../arm-none-eabi/lib/thumb/v7-m/nofp/libc_nano.a(lib_a-memchr-stub.o)
[...]
Memory Configuration

Name             Origin             Length             Attributes
RAM              0x0000000020000000 0x0000000000005000 xrw
FLASH            0x0000000008000000 0x0000000000010000 xr
*default*        0x0000000000000000 0xffffffffffffffff

Linker script and memory map

LOAD /opt/st/stm32cubeide_1.4.0/plugins/com.st.stm32cube.ide.mcu.externaltools.gnu-tools-for-stm32.9-2020-q2-update.linux64_1.5.0.202011040924/tools/bin/../lib/gcc/arm-none-eabi/9.3.1/thumb/v7-m/nofp/crti.o
LOAD /opt/st/stm32cubeide_1.4.0/plugins/com.st.stm32cube.ide.mcu.externaltools.gnu-tools-for-stm32.9-2020-q2-update.linux64_1.5.0.202011040924/tools/bin/../lib/gcc/arm-none-eabi/9.3.1/thumb/v7-m/nofp/crtbegin.o
LOAD /opt/st/stm32cubeide_1.4.0/plugins/com.st.stm32cube.ide.mcu.externaltools.gnu-tools-for-stm32.9-2020-q2-update.linux64_1.5.0.202011040924/tools/bin/../lib/gcc/arm-none-eabi/9.3.1/../../../../arm-none-eabi/lib/thumb/v7-m/nofp/crt0.o
LOAD Drivers/STM32F1xx_HAL_Driver/Src/stm32f1xx_hal.o
LOAD Drivers/STM32F1xx_HAL_Driver/Src/stm32f1xx_hal_cortex.o
LOAD Drivers/STM32F1xx_HAL_Driver/Src/stm32f1xx_hal_dma.o
LOAD Drivers/STM32F1xx_HAL_Driver/Src/stm32f1xx_hal_exti.o
LOAD Drivers/STM32F1xx_HAL_Driver/Src/stm32f1xx_hal_flash.o
LOAD Drivers/STM32F1xx_HAL_Driver/Src/stm32f1xx_hal_flash_ex.o
LOAD Drivers/STM32F1xx_HAL_Driver/Src/stm32f1xx_hal_gpio.o
LOAD Drivers/STM32F1xx_HAL_Driver/Src/stm32f1xx_hal_gpio_ex.o
LOAD Drivers/STM32F1xx_HAL_Driver/Src/stm32f1xx_hal_pwr.o
LOAD Drivers/STM32F1xx_HAL_Driver/Src/stm32f1xx_hal_rcc.o
LOAD Drivers/STM32F1xx_HAL_Driver/Src/stm32f1xx_hal_rcc_ex.o
LOAD Drivers/STM32F1xx_HAL_Driver/Src/stm32f1xx_hal_spi.o
LOAD Drivers/STM32F1xx_HAL_Driver/Src/stm32f1xx_hal_tim.o
LOAD Drivers/STM32F1xx_HAL_Driver/Src/stm32f1xx_hal_tim_ex.o
LOAD Drivers/STM32F1xx_HAL_Driver/Src/stm32f1xx_hal_uart.o
LOAD Src/main.o
LOAD Src/nrf24l01.o
LOAD Src/stm32f1xx_hal_msp.o
LOAD Src/stm32f1xx_it.o
LOAD Src/syscalls.o
LOAD Src/system_stm32f1xx.o
LOAD startup/startup_stm32f103xb.o
START GROUP
LOAD /opt/st/stm32cubeide_1.4.0/plugins/com.st.stm32cube.ide.mcu.externaltools.gnu-tools-for-stm32.9-2020-q2-update.linux64_1.5.0.202011040924/tools/bin/../lib/gcc/arm-none-eabi/9.3.1/../../../../arm-none-eabi/lib/thumb/v7-m/nofp/libc_nano.a
LOAD /opt/st/stm32cubeide_1.4.0/plugins/com.st.stm32cube.ide.mcu.externaltools.gnu-tools-for-stm32.9-2020-q2-update.linux64_1.5.0.202011040924/tools/bin/../lib/gcc/arm-none-eabi/9.3.1/../../../../arm-none-eabi/lib/thumb/v7-m/nofp/libm.a
END GROUP
START GROUP
LOAD /opt/st/stm32cubeide_1.4.0/plugins/com.st.stm32cube.ide.mcu.externaltools.gnu-tools-for-stm32.9-2020-q2-update.linux64_1.5.0.202011040924/tools/bin/../lib/gcc/arm-none-eabi/9.3.1/thumb/v7-m/nofp/libgcc.a
LOAD /opt/st/stm32cubeide_1.4.0/plugins/com.st.stm32cube.ide.mcu.externaltools.gnu-tools-for-stm32.9-2020-q2-update.linux64_1.5.0.202011040924/tools/bin/../lib/gcc/arm-none-eabi/9.3.1/../../../../arm-none-eabi/lib/thumb/v7-m/nofp/libc_nano.a
END GROUP
START GROUP
LOAD /opt/st/stm32cubeide_1.4.0/plugins/com.st.stm32cube.ide.mcu.externaltools.gnu-tools-for-stm32.9-2020-q2-update.linux64_1.5.0.202011040924/tools/bin/../lib/gcc/arm-none-eabi/9.3.1/thumb/v7-m/nofp/libgcc.a
LOAD /opt/st/stm32cubeide_1.4.0/plugins/com.st.stm32cube.ide.mcu.externaltools.gnu-tools-for-stm32.9-2020-q2-update.linux64_1.5.0.202011040924/tools/bin/../lib/gcc/arm-none-eabi/9.3.1/../../../../arm-none-eabi/lib/thumb/v7-m/nofp/libc_nano.a
LOAD /opt/st/stm32cubeide_1.4.0/plugins/com.st.stm32cube.ide.mcu.externaltools.gnu-tools-for-stm32.9-2020-q2-update.linux64_1.5.0.202011040924/tools/bin/../lib/gcc/arm-none-eabi/9.3.1/../../../../arm-none-eabi/lib/thumb/v7-m/nofp/libnosys.a
END GROUP
START GROUP
LOAD /opt/st/stm32cubeide_1.4.0/plugins/com.st.stm32cube.ide.mcu.externaltools.gnu-tools-for-stm32.9-2020-q2-update.linux64_1.5.0.202011040924/tools/bin/../lib/gcc/arm-none-eabi/9.3.1/thumb/v7-m/nofp/libgcc.a
LOAD /opt/st/stm32cubeide_1.4.0/plugins/com.st.stm32cube.ide.mcu.externaltools.gnu-tools-for-stm32.9-2020-q2-update.linux64_1.5.0.202011040924/tools/bin/../lib/gcc/arm-none-eabi/9.3.1/../../../../arm-none-eabi/lib/thumb/v7-m/nofp/libc_nano.a
LOAD /opt/st/stm32cubeide_1.4.0/plugins/com.st.stm32cube.ide.mcu.externaltools.gnu-tools-for-stm32.9-2020-q2-update.linux64_1.5.0.202011040924/tools/bin/../lib/gcc/arm-none-eabi/9.3.1/../../../../arm-none-eabi/lib/thumb/v7-m/nofp/libnosys.a
END GROUP
LOAD /opt/st/stm32cubeide_1.4.0/plugins/com.st.stm32cube.ide.mcu.externaltools.gnu-tools-for-stm32.9-2020-q2-update.linux64_1.5.0.202011040924/tools/bin/../lib/gcc/arm-none-eabi/9.3.1/thumb/v7-m/nofp/crtend.o
LOAD /opt/st/stm32cubeide_1.4.0/plugins/com.st.stm32cube.ide.mcu.externaltools.gnu-tools-for-stm32.9-2020-q2-update.linux64_1.5.0.202011040924/tools/bin/../lib/gcc/arm-none-eabi/9.3.1/thumb/v7-m/nofp/crtn.o
                0x0000000020005000                _estack = 0x20005000
                0x0000000000000200                _Min_Heap_Size = 0x200
                0x0000000000000400                _Min_Stack_Size = 0x400

.isr_vector     0x0000000008000000      0x10c
                0x0000000008000000                . = ALIGN (0x4)
 *(.isr_vector)
 .isr_vector    0x0000000008000000      0x10c startup/startup_stm32f103xb.o
                0x0000000008000000                g_pfnVectors
                0x000000000800010c                . = ALIGN (0x4)

.text           0x0000000008000110     0x25ac
                0x0000000008000110                . = ALIGN (0x4)
 *(.text)
 .text          0x0000000008000110       0x40 /opt/st/stm32cubeide_1.4.0/plugins/com.st.stm32cube.ide.mcu.externaltools.gnu-tools-for-stm32.9-2020-q2-update.linux64_1.5.0.202011040924/tools/bin/../lib/gcc/arm-none-eabi/9.3.1/thumb/v7-m/nofp/crtbegin.o
 .text          0x0000000008000150       0x10 /opt/st/stm32cubeide_1.4.0/plugins/com.st.stm32cube.ide.mcu.externaltools.gnu-tools-for-stm32.9-2020-q2-update.linux64_1.5.0.202011040924/tools/bin/../lib/gcc/arm-none-eabi/9.3.1/../../../../arm-none-eabi/lib/thumb/v7-m/nofp/libc_nano.a(lib_a-strlen.o)
                0x0000000008000150                strlen
 *(.text*)
 .text.HAL_InitTick
                0x0000000008000160       0x48 Drivers/STM32F1xx_HAL_Driver/Src/stm32f1xx_hal.o
                0x0000000008000160                HAL_InitTick
 .text.HAL_Init
                0x00000000080001a8       0x24 Drivers/STM32F1xx_HAL_Driver/Src/stm32f1xx_hal.o
                0x00000000080001a8                HAL_Init
 .text.HAL_IncTick
                0x00000000080001cc       0x18 Drivers/STM32F1xx_HAL_Driver/Src/stm32f1xx_hal.o
                0x00000000080001cc                HAL_IncTick
 .text.HAL_GetTick
                0x00000000080001e4        0xc Drivers/STM32F1xx_HAL_Driver/Src/stm32f1xx_hal.o
                0x00000000080001e4                HAL_GetTick
 .text.HAL_Delay
                0x00000000080001f0       0x24 Drivers/STM32F1xx_HAL_Driver/Src/stm32f1xx_hal.o
                0x00000000080001f0                HAL_Delay
 .text.HAL_NVIC_SetPriorityGrouping
                0x0000000008000214       0x24 Drivers/STM32F1xx_HAL_Driver/Src/stm32f1xx_hal_cortex.o
                0x0000000008000214                HAL_NVIC_SetPriorityGrouping
 .text.HAL_NVIC_SetPriority
                0x0000000008000238       0x64 Drivers/STM32F1xx_HAL_Driver/Src/stm32f1xx_hal_cortex.o
                0x0000000008000238                HAL_NVIC_SetPriority
 .text.HAL_SYSTICK_Config
                0x000000000800029c       0x2c Drivers/STM32F1xx_HAL_Driver/Src/stm32f1xx_hal_cortex.o
                0x000000000800029c                HAL_SYSTICK_Config
 .text.HAL_GPIO_Init
                0x00000000080002c8      0x1b8 Drivers/STM32F1xx_HAL_Driver/Src/stm32f1xx_hal_gpio.o
                0x00000000080002c8                HAL_GPIO_Init
 .text.HAL_GPIO_WritePin
                0x0000000008000480        0xa Drivers/STM32F1xx_HAL_Driver/Src/stm32f1xx_hal_gpio.o
                0x0000000008000480                HAL_GPIO_WritePin
 .text.HAL_GPIO_TogglePin
                0x000000000800048a        0xc Drivers/STM32F1xx_HAL_Driver/Src/stm32f1xx_hal_gpio.o
                0x000000000800048a                HAL_GPIO_TogglePin
 *fill*         0x0000000008000496        0x2 
 .text.HAL_RCC_OscConfig
                0x0000000008000498      0x338 Drivers/STM32F1xx_HAL_Driver/Src/stm32f1xx_hal_rcc.o
                0x0000000008000498                HAL_RCC_OscConfig
 .text.HAL_RCC_GetSysClockFreq
                0x00000000080007d0       0x74 Drivers/STM32F1xx_HAL_Driver/Src/stm32f1xx_hal_rcc.o
                0x00000000080007d0                HAL_RCC_GetSysClockFreq
 .text.HAL_RCC_ClockConfig
                0x0000000008000844      0x138 Drivers/STM32F1xx_HAL_Driver/Src/stm32f1xx_hal_rcc.o
                0x0000000008000844                HAL_RCC_ClockConfig
 .text.HAL_RCC_GetPCLK1Freq
                0x000000000800097c       0x20 Drivers/STM32F1xx_HAL_Driver/Src/stm32f1xx_hal_rcc.o
                0x000000000800097c                HAL_RCC_GetPCLK1Freq
 .text.HAL_RCC_GetPCLK2Freq
                0x000000000800099c       0x20 Drivers/STM32F1xx_HAL_Driver/Src/stm32f1xx_hal_rcc.o
                0x000000000800099c                HAL_RCC_GetPCLK2Freq
 .text.SPI_WaitFlagStateUntilTimeout.constprop.0
                0x00000000080009bc       0x76 Drivers/STM32F1xx_HAL_Driver/Src/stm32f1xx_hal_spi.o
 .text.SPI_EndRxTransaction
                0x0000000008000a32       0x4e Drivers/STM32F1xx_HAL_Driver/Src/stm32f1xx_hal_spi.o
 .text.SPI_EndRxTxTransaction
                0x0000000008000a80       0x1c Drivers/STM32F1xx_HAL_Driver/Src/stm32f1xx_hal_spi.o
 .text.HAL_SPI_Init
                0x0000000008000a9c       0x76 Drivers/STM32F1xx_HAL_Driver/Src/stm32f1xx_hal_spi.o
                0x0000000008000a9c                HAL_SPI_Init
 .text.HAL_SPI_Transmit
                0x0000000008000b12      0x14a Drivers/STM32F1xx_HAL_Driver/Src/stm32f1xx_hal_spi.o
                0x0000000008000b12                HAL_SPI_Transmit
 .text.HAL_SPI_TransmitReceive
                0x0000000008000c5c      0x1de Drivers/STM32F1xx_HAL_Driver/Src/stm32f1xx_hal_spi.o
                0x0000000008000c5c                HAL_SPI_TransmitReceive
 .text.HAL_SPI_Receive
                0x0000000008000e3a      0x132 Drivers/STM32F1xx_HAL_Driver/Src/stm32f1xx_hal_spi.o
                0x0000000008000e3a                HAL_SPI_Receive
 .text.UART_SetConfig
                0x0000000008000f6c       0x74 Drivers/STM32F1xx_HAL_Driver/Src/stm32f1xx_hal_uart.o
 .text.UART_WaitOnFlagUntilTimeout.constprop.0
                0x0000000008000fe0       0x50 Drivers/STM32F1xx_HAL_Driver/Src/stm32f1xx_hal_uart.o
 .text.HAL_UART_Init
                0x0000000008001030       0x5c Drivers/STM32F1xx_HAL_Driver/Src/stm32f1xx_hal_uart.o
                0x0000000008001030                HAL_UART_Init
 .text.HAL_UART_Transmit
                0x000000000800108c       0xb6 Drivers/STM32F1xx_HAL_Driver/Src/stm32f1xx_hal_uart.o
                0x000000000800108c                HAL_UART_Transmit
 .text.SystemClock_Config
                0x0000000008001142       0x56 Src/main.o
                0x0000000008001142                SystemClock_Config
 .text.startup.main
                0x0000000008001198      0x3f0 Src/main.o
                0x0000000008001198                main
 .text.DWT_Init
                0x0000000008001588       0x20 Src/nrf24l01.o
                0x0000000008001588                DWT_Init
 .text.delay_us
                0x00000000080015a8       0x28 Src/nrf24l01.o
                0x00000000080015a8                delay_us
 .text.csn      0x00000000080015d0       0x1c Src/nrf24l01.o
                0x00000000080015d0                csn
 .text.ce       0x00000000080015ec       0x10 Src/nrf24l01.o
                0x00000000080015ec                ce
 .text.read_register
                0x00000000080015fc       0x50 Src/nrf24l01.o
                0x00000000080015fc                read_register
 .text.write_registerMy
                0x000000000800164c       0x54 Src/nrf24l01.o
                0x000000000800164c                write_registerMy
 .text.write_register
                0x00000000080016a0       0x58 Src/nrf24l01.o
                0x00000000080016a0                write_register
 .text.read_payload
                0x00000000080016f8       0x7c Src/nrf24l01.o
                0x00000000080016f8                read_payload
 .text.spiTrans
                0x0000000008001774       0x3c Src/nrf24l01.o
                0x0000000008001774                spiTrans
 .text.flush_rx
                0x00000000080017b0        0x6 Src/nrf24l01.o
                0x00000000080017b0                flush_rx
 .text.flush_tx
                0x00000000080017b6        0x6 Src/nrf24l01.o
                0x00000000080017b6                flush_tx
 .text.get_status
                0x00000000080017bc        0x6 Src/nrf24l01.o
                0x00000000080017bc                get_status
 .text.setChannel
                0x00000000080017c2        0x8 Src/nrf24l01.o
                0x00000000080017c2                setChannel
 .text.getChannel
                0x00000000080017ca        0x6 Src/nrf24l01.o
                0x00000000080017ca                getChannel
 .text.getPayloadSize
                0x00000000080017d0        0xc Src/nrf24l01.o
                0x00000000080017d0                getPayloadSize
 .text.isChipConnected
                0x00000000080017dc       0x16 Src/nrf24l01.o
                0x00000000080017dc                isChipConnected
 .text.powerUp  0x00000000080017f2       0x26 Src/nrf24l01.o
                0x00000000080017f2                powerUp
 .text.maskIRQ  0x0000000008001818       0x2a Src/nrf24l01.o
                0x0000000008001818                maskIRQ
 .text.available
                0x0000000008001842       0x22 Src/nrf24l01.o
                0x0000000008001842                available
 .text.read     0x0000000008001864       0x12 Src/nrf24l01.o
                0x0000000008001864                read
 *fill*         0x0000000008001876        0x2 
 .text.openReadingPipe
                0x0000000008001878       0x78 Src/nrf24l01.o
                0x0000000008001878                openReadingPipe
 .text.setAddressWidth
                0x00000000080018f0       0x30 Src/nrf24l01.o
                0x00000000080018f0                setAddressWidth
 .text.closeReadingPipe
                0x0000000008001920       0x28 Src/nrf24l01.o
                0x0000000008001920                closeReadingPipe
 .text.startListening
                0x0000000008001948       0x58 Src/nrf24l01.o
                0x0000000008001948                startListening
 .text.toggle_features
                0x00000000080019a0       0x3c Src/nrf24l01.o
                0x00000000080019a0                toggle_features
 .text.setAutoAck
                0x00000000080019dc        0xc Src/nrf24l01.o
                0x00000000080019dc                setAutoAck
 .text.setPALevel
                0x00000000080019e8       0x2a Src/nrf24l01.o
                0x00000000080019e8                setPALevel
 .text.getPALevel
                0x0000000008001a12        0xe Src/nrf24l01.o
                0x0000000008001a12                getPALevel
 .text.setDataRate
                0x0000000008001a20       0x44 Src/nrf24l01.o
                0x0000000008001a20                setDataRate
 .text.NRF_Init
                0x0000000008001a64       0xc4 Src/nrf24l01.o
                0x0000000008001a64                NRF_Init
 .text.getDataRate
                0x0000000008001b28       0x1e Src/nrf24l01.o
                0x0000000008001b28                getDataRate
 .text.setCRCLength
                0x0000000008001b46       0x26 Src/nrf24l01.o
                0x0000000008001b46                setCRCLength
 .text.getCRCLength
                0x0000000008001b6c       0x28 Src/nrf24l01.o
                0x0000000008001b6c                getCRCLength
 .text.HAL_MspInit
                0x0000000008001b94       0x44 Src/stm32f1xx_hal_msp.o
                0x0000000008001b94                HAL_MspInit
 .text.HAL_SPI_MspInit
                0x0000000008001bd8       0x74 Src/stm32f1xx_hal_msp.o
                0x0000000008001bd8                HAL_SPI_MspInit
 .text.HAL_UART_MspInit
                0x0000000008001c4c       0x78 Src/stm32f1xx_hal_msp.o
                0x0000000008001c4c                HAL_UART_MspInit
 .text.NMI_Handler
                0x0000000008001cc4        0x2 Src/stm32f1xx_it.o
                0x0000000008001cc4                NMI_Handler
 .text.HardFault_Handler
                0x0000000008001cc6        0x2 Src/stm32f1xx_it.o
                0x0000000008001cc6                HardFault_Handler
 .text.MemManage_Handler
                0x0000000008001cc8        0x2 Src/stm32f1xx_it.o
                0x0000000008001cc8                MemManage_Handler
 .text.BusFault_Handler
                0x0000000008001cca        0x2 Src/stm32f1xx_it.o
                0x0000000008001cca                BusFault_Handler
 .text.UsageFault_Handler
                0x0000000008001ccc        0x2 Src/stm32f1xx_it.o
                0x0000000008001ccc                UsageFault_Handler
 .text.SVC_Handler
                0x0000000008001cce        0x2 Src/stm32f1xx_it.o
                0x0000000008001cce                SVC_Handler
 .text.DebugMon_Handler
                0x0000000008001cd0        0x2 Src/stm32f1xx_it.o
                0x0000000008001cd0                DebugMon_Handler
 .text.PendSV_Handler
                0x0000000008001cd2        0x2 Src/stm32f1xx_it.o
                0x0000000008001cd2                PendSV_Handler
 .text.SysTick_Handler
                0x0000000008001cd4        0x4 Src/stm32f1xx_it.o
                0x0000000008001cd4                SysTick_Handler
 .text._sbrk    0x0000000008001cd8       0x34 Src/syscalls.o
                0x0000000008001cd8                _sbrk
 .text.SystemInit
                0x0000000008001d0c       0x4c Src/system_stm32f1xx.o
                0x0000000008001d0c                SystemInit
 .text.Reset_Handler
                0x0000000008001d58       0x48 startup/startup_stm32f103xb.o
                0x0000000008001d58                Reset_Handler
 .text.Default_Handler
                0x0000000008001da0        0x2 startup/startup_stm32f103xb.o
                0x0000000008001da0                RTC_Alarm_IRQHandler
                0x0000000008001da0                EXTI2_IRQHandler
                0x0000000008001da0                TIM1_CC_IRQHandler
                0x0000000008001da0                PVD_IRQHandler
                0x0000000008001da0                EXTI3_IRQHandler
                0x0000000008001da0                EXTI0_IRQHandler
                0x0000000008001da0                I2C2_EV_IRQHandler
                0x0000000008001da0                ADC1_2_IRQHandler
                0x0000000008001da0                SPI1_IRQHandler
                0x0000000008001da0                TAMPER_IRQHandler
                0x0000000008001da0                DMA1_Channel4_IRQHandler
                0x0000000008001da0                USART3_IRQHandler
                0x0000000008001da0                RTC_IRQHandler
                0x0000000008001da0                DMA1_Channel7_IRQHandler
                0x0000000008001da0                CAN1_RX1_IRQHandler
                0x0000000008001da0                TIM4_IRQHandler
                0x0000000008001da0                I2C1_EV_IRQHandler
                0x0000000008001da0                DMA1_Channel6_IRQHandler
                0x0000000008001da0                TIM3_IRQHandler
                0x0000000008001da0                RCC_IRQHandler
                0x0000000008001da0                TIM1_TRG_COM_IRQHandler
                0x0000000008001da0                DMA1_Channel1_IRQHandler
                0x0000000008001da0                Default_Handler
                0x0000000008001da0                EXTI15_10_IRQHandler
                0x0000000008001da0                EXTI9_5_IRQHandler
                0x0000000008001da0                SPI2_IRQHandler
                0x0000000008001da0                DMA1_Channel5_IRQHandler
                0x0000000008001da0                EXTI4_IRQHandler
                0x0000000008001da0                USB_LP_CAN1_RX0_IRQHandler
                0x0000000008001da0                USB_HP_CAN1_TX_IRQHandler
                0x0000000008001da0                DMA1_Channel3_IRQHandler
                0x0000000008001da0                TIM1_UP_IRQHandler
                0x0000000008001da0                WWDG_IRQHandler
                0x0000000008001da0                TIM2_IRQHandler
                0x0000000008001da0                TIM1_BRK_IRQHandler
                0x0000000008001da0                EXTI1_IRQHandler
                0x0000000008001da0                USART2_IRQHandler
                0x0000000008001da0                I2C2_ER_IRQHandler
                0x0000000008001da0                DMA1_Channel2_IRQHandler
                0x0000000008001da0                CAN1_SCE_IRQHandler
                0x0000000008001da0                FLASH_IRQHandler
                0x0000000008001da0                USART1_IRQHandler
                0x0000000008001da0                I2C1_ER_IRQHandler
                0x0000000008001da0                USBWakeUp_IRQHandler
 *fill*         0x0000000008001da2        0x2 
 .text.__errno  0x0000000008001da4        0xc /opt/st/stm32cubeide_1.4.0/plugins/com.st.stm32cube.ide.mcu.externaltools.gnu-tools-for-stm32.9-2020-q2-update.linux64_1.5.0.202011040924/tools/bin/../lib/gcc/arm-none-eabi/9.3.1/../../../../arm-none-eabi/lib/thumb/v7-m/nofp/libc_nano.a(lib_a-errno.o)
                0x0000000008001da4                __errno
 .text.__libc_init_array
                0x0000000008001db0       0x48 /opt/st/stm32cubeide_1.4.0/plugins/com.st.stm32cube.ide.mcu.externaltools.gnu-tools-for-stm32.9-2020-q2-update.linux64_1.5.0.202011040924/tools/bin/../lib/gcc/arm-none-eabi/9.3.1/../../../../arm-none-eabi/lib/thumb/v7-m/nofp/libc_nano.a(lib_a-init.o)
                0x0000000008001db0                __libc_init_array
 .text.memcpy   0x0000000008001df8       0x1c /opt/st/stm32cubeide_1.4.0/plugins/com.st.stm32cube.ide.mcu.externaltools.gnu-tools-for-stm32.9-2020-q2-update.linux64_1.5.0.202011040924/tools/bin/../lib/gcc/arm-none-eabi/9.3.1/../../../../arm-none-eabi/lib/thumb/v7-m/nofp/libc_nano.a(lib_a-memcpy-stub.o)
                0x0000000008001df8                memcpy
 .text.memset   0x0000000008001e14       0x10 /opt/st/stm32cubeide_1.4.0/plugins/com.st.stm32cube.ide.mcu.externaltools.gnu-tools-for-stm32.9-2020-q2-update.linux64_1.5.0.202011040924/tools/bin/../lib/gcc/arm-none-eabi/9.3.1/../../../../arm-none-eabi/lib/thumb/v7-m/nofp/libc_nano.a(lib_a-memset.o)
                0x0000000008001e14                memset
 .text.snprintf
                0x0000000008001e24       0x68 /opt/st/stm32cubeide_1.4.0/plugins/com.st.stm32cube.ide.mcu.externaltools.gnu-tools-for-stm32.9-2020-q2-update.linux64_1.5.0.202011040924/tools/bin/../lib/gcc/arm-none-eabi/9.3.1/../../../../arm-none-eabi/lib/thumb/v7-m/nofp/libc_nano.a(lib_a-snprintf.o)
                0x0000000008001e24                snprintf
                0x0000000008001e24                sniprintf
 .text.__ssputs_r
                0x0000000008001e8c       0xb6 /opt/st/stm32cubeide_1.4.0/plugins/com.st.stm32cube.ide.mcu.externaltools.gnu-tools-for-stm32.9-2020-q2-update.linux64_1.5.0.202011040924/tools/bin/../lib/gcc/arm-none-eabi/9.3.1/../../../../arm-none-eabi/lib/thumb/v7-m/nofp/libc_nano.a(lib_a-nano-svfprintf.o)
                0x0000000008001e8c                __ssputs_r
 *fill*         0x0000000008001f42        0x2 
 .text._svfprintf_r
                0x0000000008001f44      0x200 /opt/st/stm32cubeide_1.4.0/plugins/com.st.stm32cube.ide.mcu.externaltools.gnu-tools-for-stm32.9-2020-q2-update.linux64_1.5.0.202011040924/tools/bin/../lib/gcc/arm-none-eabi/9.3.1/../../../../arm-none-eabi/lib/thumb/v7-m/nofp/libc_nano.a(lib_a-nano-svfprintf.o)
                0x0000000008001f44                _svfprintf_r
                0x0000000008001f44                _svfiprintf_r
 .text._printf_common
                0x0000000008002144       0xde /opt/st/stm32cubeide_1.4.0/plugins/com.st.stm32cube.ide.mcu.externaltools.gnu-tools-for-stm32.9-2020-q2-update.linux64_1.5.0.202011040924/tools/bin/../lib/gcc/arm-none-eabi/9.3.1/../../../../arm-none-eabi/lib/thumb/v7-m/nofp/libc_nano.a(lib_a-nano-vfprintf_i.o)
                0x0000000008002144                _printf_common
 *fill*         0x0000000008002222        0x2 
 .text._printf_i
                0x0000000008002224      0x24c /opt/st/stm32cubeide_1.4.0/plugins/com.st.stm32cube.ide.mcu.externaltools.gnu-tools-for-stm32.9-2020-q2-update.linux64_1.5.0.202011040924/tools/bin/../lib/gcc/arm-none-eabi/9.3.1/../../../../arm-none-eabi/lib/thumb/v7-m/nofp/libc_nano.a(lib_a-nano-vfprintf_i.o)
                0x0000000008002224                _printf_i
 .text.memchr   0x0000000008002470       0x1c /opt/st/stm32cubeide_1.4.0/plugins/com.st.stm32cube.ide.mcu.externaltools.gnu-tools-for-stm32.9-2020-q2-update.linux64_1.5.0.202011040924/tools/bin/../lib/gcc/arm-none-eabi/9.3.1/../../../../arm-none-eabi/lib/thumb/v7-m/nofp/libc_nano.a(lib_a-memchr-stub.o)
                0x0000000008002470                memchr
 .text.memmove  0x000000000800248c       0x34 /opt/st/stm32cubeide_1.4.0/plugins/com.st.stm32cube.ide.mcu.externaltools.gnu-tools-for-stm32.9-2020-q2-update.linux64_1.5.0.202011040924/tools/bin/../lib/gcc/arm-none-eabi/9.3.1/../../../../arm-none-eabi/lib/thumb/v7-m/nofp/libc_nano.a(lib_a-memmove.o)
                0x000000000800248c                memmove
 .text._free_r  0x00000000080024c0       0x98 /opt/st/stm32cubeide_1.4.0/plugins/com.st.stm32cube.ide.mcu.externaltools.gnu-tools-for-stm32.9-2020-q2-update.linux64_1.5.0.202011040924/tools/bin/../lib/gcc/arm-none-eabi/9.3.1/../../../../arm-none-eabi/lib/thumb/v7-m/nofp/libc_nano.a(lib_a-nano-freer.o)
                0x00000000080024c0                _free_r
 .text._malloc_r
                0x0000000008002558       0xb4 /opt/st/stm32cubeide_1.4.0/plugins/com.st.stm32cube.ide.mcu.externaltools.gnu-tools-for-stm32.9-2020-q2-update.linux64_1.5.0.202011040924/tools/bin/../lib/gcc/arm-none-eabi/9.3.1/../../../../arm-none-eabi/lib/thumb/v7-m/nofp/libc_nano.a(lib_a-nano-mallocr.o)
                0x0000000008002558                _malloc_r
 .text._realloc_r
                0x000000000800260c       0x4c /opt/st/stm32cubeide_1.4.0/plugins/com.st.stm32cube.ide.mcu.externaltools.gnu-tools-for-stm32.9-2020-q2-update.linux64_1.5.0.202011040924/tools/bin/../lib/gcc/arm-none-eabi/9.3.1/../../../../arm-none-eabi/lib/thumb/v7-m/nofp/libc_nano.a(lib_a-nano-reallocr.o)
                0x000000000800260c                _realloc_r
 .text._sbrk_r  0x0000000008002658       0x20 /opt/st/stm32cubeide_1.4.0/plugins/com.st.stm32cube.ide.mcu.externaltools.gnu-tools-for-stm32.9-2020-q2-update.linux64_1.5.0.202011040924/tools/bin/../lib/gcc/arm-none-eabi/9.3.1/../../../../arm-none-eabi/lib/thumb/v7-m/nofp/libc_nano.a(lib_a-sbrkr.o)
                0x0000000008002658                _sbrk_r
 .text.__malloc_lock
                0x0000000008002678        0xc /opt/st/stm32cubeide_1.4.0/plugins/com.st.stm32cube.ide.mcu.externaltools.gnu-tools-for-stm32.9-2020-q2-update.linux64_1.5.0.202011040924/tools/bin/../lib/gcc/arm-none-eabi/9.3.1/../../../../arm-none-eabi/lib/thumb/v7-m/nofp/libc_nano.a(lib_a-mlock.o)
                0x0000000008002678                __malloc_lock
 .text.__malloc_unlock
                0x0000000008002684        0xc /opt/st/stm32cubeide_1.4.0/plugins/com.st.stm32cube.ide.mcu.externaltools.gnu-tools-for-stm32.9-2020-q2-update.linux64_1.5.0.202011040924/tools/bin/../lib/gcc/arm-none-eabi/9.3.1/../../../../arm-none-eabi/lib/thumb/v7-m/nofp/libc_nano.a(lib_a-mlock.o)
                0x0000000008002684                __malloc_unlock
 .text._malloc_usable_size_r
                0x0000000008002690       0x10 /opt/st/stm32cubeide_1.4.0/plugins/com.st.stm32cube.ide.mcu.externaltools.gnu-tools-for-stm32.9-2020-q2-update.linux64_1.5.0.202011040924/tools/bin/../lib/gcc/arm-none-eabi/9.3.1/../../../../arm-none-eabi/lib/thumb/v7-m/nofp/libc_nano.a(lib_a-nano-msizer.o)
                0x0000000008002690                _malloc_usable_size_r
 .text.__retarget_lock_acquire_recursive
                0x00000000080026a0        0x2 /opt/st/stm32cubeide_1.4.0/plugins/com.st.stm32cube.ide.mcu.externaltools.gnu-tools-for-stm32.9-2020-q2-update.linux64_1.5.0.202011040924/tools/bin/../lib/gcc/arm-none-eabi/9.3.1/../../../../arm-none-eabi/lib/thumb/v7-m/nofp/libc_nano.a(lib_a-lock.o)
                0x00000000080026a0                __retarget_lock_acquire_recursive
 .text.__retarget_lock_release_recursive
                0x00000000080026a2        0x2 /opt/st/stm32cubeide_1.4.0/plugins/com.st.stm32cube.ide.mcu.externaltools.gnu-tools-for-stm32.9-2020-q2-update.linux64_1.5.0.202011040924/tools/bin/../lib/gcc/arm-none-eabi/9.3.1/../../../../arm-none-eabi/lib/thumb/v7-m/nofp/libc_nano.a(lib_a-lock.o)
                0x00000000080026a2                __retarget_lock_release_recursive
 *(.glue_7)
 .glue_7        0x00000000080026a4        0x0 linker stubs
 *(.glue_7t)
 .glue_7t       0x00000000080026a4        0x0 linker stubs
 *(.eh_frame)
 .eh_frame      0x00000000080026a4        0x0 /opt/st/stm32cubeide_1.4.0/plugins/com.st.stm32cube.ide.mcu.externaltools.gnu-tools-for-stm32.9-2020-q2-update.linux64_1.5.0.202011040924/tools/bin/../lib/gcc/arm-none-eabi/9.3.1/thumb/v7-m/nofp/crtbegin.o
 *(.init)
 .init          0x00000000080026a4        0x4 /opt/st/stm32cubeide_1.4.0/plugins/com.st.stm32cube.ide.mcu.externaltools.gnu-tools-for-stm32.9-2020-q2-update.linux64_1.5.0.202011040924/tools/bin/../lib/gcc/arm-none-eabi/9.3.1/thumb/v7-m/nofp/crti.o
                0x00000000080026a4                _init
 .init          0x00000000080026a8        0x8 /opt/st/stm32cubeide_1.4.0/plugins/com.st.stm32cube.ide.mcu.externaltools.gnu-tools-for-stm32.9-2020-q2-update.linux64_1.5.0.202011040924/tools/bin/../lib/gcc/arm-none-eabi/9.3.1/thumb/v7-m/nofp/crtn.o
 *(.fini)
 .fini          0x00000000080026b0        0x4 /opt/st/stm32cubeide_1.4.0/plugins/com.st.stm32cube.ide.mcu.externaltools.gnu-tools-for-stm32.9-2020-q2-update.linux64_1.5.0.202011040924/tools/bin/../lib/gcc/arm-none-eabi/9.3.1/thumb/v7-m/nofp/crti.o
                0x00000000080026b0                _fini
 .fini          0x00000000080026b4        0x8 /opt/st/stm32cubeide_1.4.0/plugins/com.st.stm32cube.ide.mcu.externaltools.gnu-tools-for-stm32.9-2020-q2-update.linux64_1.5.0.202011040924/tools/bin/../lib/gcc/arm-none-eabi/9.3.1/thumb/v7-m/nofp/crtn.o
                0x00000000080026bc                . = ALIGN (0x4)
                0x00000000080026bc                _etext = .

.vfp11_veneer   0x00000000080026bc        0x0
 .vfp11_veneer  0x00000000080026bc        0x0 linker stubs

.v4_bx          0x00000000080026bc        0x0
 .v4_bx         0x00000000080026bc        0x0 linker stubs

.iplt           0x00000000080026bc        0x0
 .iplt          0x00000000080026bc        0x0 /opt/st/stm32cubeide_1.4.0/plugins/com.st.stm32cube.ide.mcu.externaltools.gnu-tools-for-stm32.9-2020-q2-update.linux64_1.5.0.202011040924/tools/bin/../lib/gcc/arm-none-eabi/9.3.1/thumb/v7-m/nofp/crtbegin.o

.rodata         0x00000000080026bc      0x1c8
                0x00000000080026bc                . = ALIGN (0x4)
 *(.rodata)
 *(.rodata*)
 .rodata.HAL_RCC_GetSysClockFreq.str1.1
                0x00000000080026bc       0x11 Drivers/STM32F1xx_HAL_Driver/Src/stm32f1xx_hal_rcc.o
 .rodata.main.str1.1
                0x00000000080026cd      0x158 Src/main.o
                                        0x15b (size before relaxing)
 .rodata.child_payload_size
                0x0000000008002825        0x6 Src/nrf24l01.o
 .rodata.child_pipe
                0x000000000800282b        0x6 Src/nrf24l01.o
 .rodata.child_pipe_enable
                0x0000000008002831        0x6 Src/nrf24l01.o
 .rodata.AHBPrescTable
                0x0000000008002837       0x10 Src/system_stm32f1xx.o
                0x0000000008002837                AHBPrescTable
 .rodata.APBPrescTable
                0x0000000008002847        0x8 Src/system_stm32f1xx.o
                0x0000000008002847                APBPrescTable
 .rodata._svfprintf_r.str1.1
                0x000000000800284f       0x11 /opt/st/stm32cubeide_1.4.0/plugins/com.st.stm32cube.ide.mcu.externaltools.gnu-tools-for-stm32.9-2020-q2-update.linux64_1.5.0.202011040924/tools/bin/../lib/gcc/arm-none-eabi/9.3.1/../../../../arm-none-eabi/lib/thumb/v7-m/nofp/libc_nano.a(lib_a-nano-svfprintf.o)
 .rodata._printf_i.str1.1
                0x0000000008002860       0x22 /opt/st/stm32cubeide_1.4.0/plugins/com.st.stm32cube.ide.mcu.externaltools.gnu-tools-for-stm32.9-2020-q2-update.linux64_1.5.0.202011040924/tools/bin/../lib/gcc/arm-none-eabi/9.3.1/../../../../arm-none-eabi/lib/thumb/v7-m/nofp/libc_nano.a(lib_a-nano-vfprintf_i.o)
                0x0000000008002884                . = ALIGN (0x4)
 *fill*         0x0000000008002882        0x2 

.rel.dyn        0x0000000008002884        0x0
 .rel.iplt      0x0000000008002884        0x0 /opt/st/stm32cubeide_1.4.0/plugins/com.st.stm32cube.ide.mcu.externaltools.gnu-tools-for-stm32.9-2020-q2-update.linux64_1.5.0.202011040924/tools/bin/../lib/gcc/arm-none-eabi/9.3.1/thumb/v7-m/nofp/crtbegin.o

.ARM.extab
 *(.ARM.extab* .gnu.linkonce.armextab.*)

.ARM            0x0000000008002884        0x0
                0x0000000008002884                __exidx_start = .
 *(.ARM.exidx*)
                0x0000000008002884                __exidx_end = .

.preinit_array  0x0000000008002884        0x0
                0x0000000008002884                PROVIDE (__preinit_array_start = .)
 *(.preinit_array*)
                0x0000000008002884                PROVIDE (__preinit_array_end = .)

.init_array     0x0000000008002884        0x4
                0x0000000008002884                PROVIDE (__init_array_start = .)
 *(SORT_BY_NAME(.init_array.*))
 *(.init_array*)
 .init_array    0x0000000008002884        0x4 /opt/st/stm32cubeide_1.4.0/plugins/com.st.stm32cube.ide.mcu.externaltools.gnu-tools-for-stm32.9-2020-q2-update.linux64_1.5.0.202011040924/tools/bin/../lib/gcc/arm-none-eabi/9.3.1/thumb/v7-m/nofp/crtbegin.o
                0x0000000008002888                PROVIDE (__init_array_end = .)

.fini_array     0x0000000008002888        0x4
                [!provide]                        PROVIDE (__fini_array_start = .)
 *(SORT_BY_NAME(.fini_array.*))
 *(.fini_array*)
 .fini_array    0x0000000008002888        0x4 /opt/st/stm32cubeide_1.4.0/plugins/com.st.stm32cube.ide.mcu.externaltools.gnu-tools-for-stm32.9-2020-q2-update.linux64_1.5.0.202011040924/tools/bin/../lib/gcc/arm-none-eabi/9.3.1/thumb/v7-m/nofp/crtbegin.o
                [!provide]                        PROVIDE (__fini_array_end = .)
                0x000000000800288c                _sidata = LOADADDR (.data)

.data           0x0000000020000000       0x70 load address 0x000000000800288c
                0x0000000020000000                . = ALIGN (0x4)
                0x0000000020000000                _sdata = .
 *(.data)
 *(.data*)
 .data.uwTickFreq
                0x0000000020000000        0x1 Drivers/STM32F1xx_HAL_Driver/Src/stm32f1xx_hal.o
                0x0000000020000000                uwTickFreq
 *fill*         0x0000000020000001        0x3 
 .data.uwTickPrio
                0x0000000020000004        0x4 Drivers/STM32F1xx_HAL_Driver/Src/stm32f1xx_hal.o
                0x0000000020000004                uwTickPrio
 .data.SystemCoreClock
                0x0000000020000008        0x4 Src/system_stm32f1xx.o
                0x0000000020000008                SystemCoreClock
 .data._impure_ptr
                0x000000002000000c        0x4 /opt/st/stm32cubeide_1.4.0/plugins/com.st.stm32cube.ide.mcu.externaltools.gnu-tools-for-stm32.9-2020-q2-update.linux64_1.5.0.202011040924/tools/bin/../lib/gcc/arm-none-eabi/9.3.1/../../../../arm-none-eabi/lib/thumb/v7-m/nofp/libc_nano.a(lib_a-impure.o)
                0x000000002000000c                _impure_ptr
 .data.impure_data
                0x0000000020000010       0x60 /opt/st/stm32cubeide_1.4.0/plugins/com.st.stm32cube.ide.mcu.externaltools.gnu-tools-for-stm32.9-2020-q2-update.linux64_1.5.0.202011040924/tools/bin/../lib/gcc/arm-none-eabi/9.3.1/../../../../arm-none-eabi/lib/thumb/v7-m/nofp/libc_nano.a(lib_a-impure.o)
                0x0000000020000070                . = ALIGN (0x4)
                0x0000000020000070                _edata = .

.igot.plt       0x0000000020000070        0x0 load address 0x00000000080028fc
 .igot.plt      0x0000000020000070        0x0 /opt/st/stm32cubeide_1.4.0/plugins/com.st.stm32cube.ide.mcu.externaltools.gnu-tools-for-stm32.9-2020-q2-update.linux64_1.5.0.202011040924/tools/bin/../lib/gcc/arm-none-eabi/9.3.1/thumb/v7-m/nofp/crtbegin.o
                0x0000000020000070                . = ALIGN (0x4)

.bss            0x0000000020000070       0xe0 load address 0x00000000080028fc
                0x0000000020000070                _sbss = .
                0x0000000020000070                __bss_start__ = _sbss
 *(.bss)
 .bss           0x0000000020000070       0x1c /opt/st/stm32cubeide_1.4.0/plugins/com.st.stm32cube.ide.mcu.externaltools.gnu-tools-for-stm32.9-2020-q2-update.linux64_1.5.0.202011040924/tools/bin/../lib/gcc/arm-none-eabi/9.3.1/thumb/v7-m/nofp/crtbegin.o
 *(.bss*)
 .bss.addr_width
                0x000000002000008c        0x1 Src/nrf24l01.o
                0x000000002000008c                addr_width
 .bss.payload_size
                0x000000002000008d        0x1 Src/nrf24l01.o
                0x000000002000008d                payload_size
 .bss.pipe0_reading_address
                0x000000002000008e        0x5 Src/nrf24l01.o
                0x000000002000008e                pipe0_reading_address
 .bss.txDelay   0x0000000020000093        0x1 Src/nrf24l01.o
                0x0000000020000093                txDelay
 .bss.heap_end.6038
                0x0000000020000094        0x4 Src/syscalls.o
 .bss.__malloc_free_list
                0x0000000020000098        0x4 /opt/st/stm32cubeide_1.4.0/plugins/com.st.stm32cube.ide.mcu.externaltools.gnu-tools-for-stm32.9-2020-q2-update.linux64_1.5.0.202011040924/tools/bin/../lib/gcc/arm-none-eabi/9.3.1/../../../../arm-none-eabi/lib/thumb/v7-m/nofp/libc_nano.a(lib_a-nano-mallocr.o)
                0x0000000020000098                __malloc_free_list
 .bss.__malloc_sbrk_start
                0x000000002000009c        0x4 /opt/st/stm32cubeide_1.4.0/plugins/com.st.stm32cube.ide.mcu.externaltools.gnu-tools-for-stm32.9-2020-q2-update.linux64_1.5.0.202011040924/tools/bin/../lib/gcc/arm-none-eabi/9.3.1/../../../../arm-none-eabi/lib/thumb/v7-m/nofp/libc_nano.a(lib_a-nano-mallocr.o)
                0x000000002000009c                __malloc_sbrk_start
 *(COMMON)
 COMMON         0x00000000200000a0        0x4 Drivers/STM32F1xx_HAL_Driver/Src/stm32f1xx_hal.o
                0x00000000200000a0                uwTick
 COMMON         0x00000000200000a4       0x98 Src/main.o
                0x00000000200000a4                huart1
                0x00000000200000e4                hspi1
 COMMON         0x000000002000013c        0x2 Src/nrf24l01.o
                0x000000002000013c                dynamic_payloads_enabled
                0x000000002000013d                p_variant
 *fill*         0x000000002000013e        0x2 
 COMMON         0x0000000020000140        0x4 /opt/st/stm32cubeide_1.4.0/plugins/com.st.stm32cube.ide.mcu.externaltools.gnu-tools-for-stm32.9-2020-q2-update.linux64_1.5.0.202011040924/tools/bin/../lib/gcc/arm-none-eabi/9.3.1/../../../../arm-none-eabi/lib/thumb/v7-m/nofp/libc_nano.a(lib_a-reent.o)
                0x0000000020000140                errno
 COMMON         0x0000000020000144        0x9 /opt/st/stm32cubeide_1.4.0/plugins/com.st.stm32cube.ide.mcu.externaltools.gnu-tools-for-stm32.9-2020-q2-update.linux64_1.5.0.202011040924/tools/bin/../lib/gcc/arm-none-eabi/9.3.1/../../../../arm-none-eabi/lib/thumb/v7-m/nofp/libc_nano.a(lib_a-lock.o)
                0x0000000020000144                __lock___atexit_recursive_mutex
                0x0000000020000145                __lock___arc4random_mutex
                0x0000000020000146                __lock___env_recursive_mutex
                0x0000000020000147                __lock___sinit_recursive_mutex
                0x0000000020000148                __lock___malloc_recursive_mutex
                0x0000000020000149                __lock___at_quick_exit_mutex
                0x000000002000014a                __lock___dd_hash_mutex
                0x000000002000014b                __lock___tz_mutex
                0x000000002000014c                __lock___sfp_recursive_mutex
                0x0000000020000150                . = ALIGN (0x4)
 *fill*         0x000000002000014d        0x3 
                0x0000000020000150                _ebss = .
                0x0000000020000150                __bss_end__ = _ebss

._user_heap_stack
                0x0000000020000150      0x600 load address 0x00000000080028fc
                0x0000000020000150                . = ALIGN (0x4)
                0x0000000020000150                PROVIDE (end = .)
                [!provide]                        PROVIDE (_end = .)
                0x0000000020000350                . = (. + _Min_Heap_Size)
 *fill*         0x0000000020000150      0x200 
                0x0000000020000750                . = (. + _Min_Stack_Size)
 *fill*         0x0000000020000350      0x400 
                0x0000000020000750                . = ALIGN (0x4)

/DISCARD/
 libc.a(*)
 libm.a(*)
 libgcc.a(*)

.ARM.attributes
                0x0000000000000000       0x29
 *(.ARM.attributes)
 .ARM.attributes
                0x0000000000000000       0x1d /opt/st/stm32cubeide_1.4.0/plugins/com.st.stm32cube.ide.mcu.externaltools.gnu-tools-for-stm32.9-2020-q2-update.linux64_1.5.0.202011040924/tools/bin/../lib/gcc/arm-none-eabi/9.3.1/thumb/v7-m/nofp/crti.o
 .ARM.attributes
                0x000000000000001d       0x2d /opt/st/stm32cubeide_1.4.0/plugins/com.st.stm32cube.ide.mcu.externaltools.gnu-tools-for-stm32.9-2020-q2-update.linux64_1.5.0.202011040924/tools/bin/../lib/gcc/arm-none-eabi/9.3.1/thumb/v7-m/nofp/crtbegin.o
 .ARM.attributes
                0x000000000000004a       0x2d Drivers/STM32F1xx_HAL_Driver/Src/stm32f1xx_hal.o
 .ARM.attributes
                0x0000000000000077       0x2d Drivers/STM32F1xx_HAL_Driver/Src/stm32f1xx_hal_cortex.o
 .ARM.attributes
                0x00000000000000a4       0x2d Drivers/STM32F1xx_HAL_Driver/Src/stm32f1xx_hal_gpio.o
 .ARM.attributes
                0x00000000000000d1       0x2d Drivers/STM32F1xx_HAL_Driver/Src/stm32f1xx_hal_rcc.o
 .ARM.attributes
                0x00000000000000fe       0x2d Drivers/STM32F1xx_HAL_Driver/Src/stm32f1xx_hal_spi.o
 .ARM.attributes
                0x000000000000012b       0x2d Drivers/STM32F1xx_HAL_Driver/Src/stm32f1xx_hal_uart.o
 .ARM.attributes
                0x0000000000000158       0x2d Src/main.o
 .ARM.attributes
                0x0000000000000185       0x2d Src/nrf24l01.o
 .ARM.attributes
                0x00000000000001b2       0x2d Src/stm32f1xx_hal_msp.o
 .ARM.attributes
                0x00000000000001df       0x2d Src/stm32f1xx_it.o
 .ARM.attributes
                0x000000000000020c       0x2d Src/syscalls.o
 .ARM.attributes
                0x0000000000000239       0x2d Src/system_stm32f1xx.o
 .ARM.attributes
                0x0000000000000266       0x21 startup/startup_stm32f103xb.o
 .ARM.attributes
                0x0000000000000287       0x2d /opt/st/stm32cubeide_1.4.0/plugins/com.st.stm32cube.ide.mcu.externaltools.gnu-tools-for-stm32.9-2020-q2-update.linux64_1.5.0.202011040924/tools/bin/../lib/gcc/arm-none-eabi/9.3.1/../../../../arm-none-eabi/lib/thumb/v7-m/nofp/libc_nano.a(lib_a-errno.o)
 .ARM.attributes
                0x00000000000002b4       0x2d /opt/st/stm32cubeide_1.4.0/plugins/com.st.stm32cube.ide.mcu.externaltools.gnu-tools-for-stm32.9-2020-q2-update.linux64_1.5.0.202011040924/tools/bin/../lib/gcc/arm-none-eabi/9.3.1/../../../../arm-none-eabi/lib/thumb/v7-m/nofp/libc_nano.a(lib_a-impure.o)
 .ARM.attributes
                0x00000000000002e1       0x2d /opt/st/stm32cubeide_1.4.0/plugins/com.st.stm32cube.ide.mcu.externaltools.gnu-tools-for-stm32.9-2020-q2-update.linux64_1.5.0.202011040924/tools/bin/../lib/gcc/arm-none-eabi/9.3.1/../../../../arm-none-eabi/lib/thumb/v7-m/nofp/libc_nano.a(lib_a-init.o)
 .ARM.attributes
                0x000000000000030e       0x2d /opt/st/stm32cubeide_1.4.0/plugins/com.st.stm32cube.ide.mcu.externaltools.gnu-tools-for-stm32.9-2020-q2-update.linux64_1.5.0.202011040924/tools/bin/../lib/gcc/arm-none-eabi/9.3.1/../../../../arm-none-eabi/lib/thumb/v7-m/nofp/libc_nano.a(lib_a-memcpy-stub.o)
 .ARM.attributes
                0x000000000000033b       0x2d /opt/st/stm32cubeide_1.4.0/plugins/com.st.stm32cube.ide.mcu.externaltools.gnu-tools-for-stm32.9-2020-q2-update.linux64_1.5.0.202011040924/tools/bin/../lib/gcc/arm-none-eabi/9.3.1/../../../../arm-none-eabi/lib/thumb/v7-m/nofp/libc_nano.a(lib_a-memset.o)
 .ARM.attributes
                0x0000000000000368       0x2d /opt/st/stm32cubeide_1.4.0/plugins/com.st.stm32cube.ide.mcu.externaltools.gnu-tools-for-stm32.9-2020-q2-update.linux64_1.5.0.202011040924/tools/bin/../lib/gcc/arm-none-eabi/9.3.1/../../../../arm-none-eabi/lib/thumb/v7-m/nofp/libc_nano.a(lib_a-snprintf.o)
 .ARM.attributes
                0x0000000000000395       0x17 /opt/st/stm32cubeide_1.4.0/plugins/com.st.stm32cube.ide.mcu.externaltools.gnu-tools-for-stm32.9-2020-q2-update.linux64_1.5.0.202011040924/tools/bin/../lib/gcc/arm-none-eabi/9.3.1/../../../../arm-none-eabi/lib/thumb/v7-m/nofp/libc_nano.a(lib_a-strlen.o)
 .ARM.attributes
                0x00000000000003ac       0x2d /opt/st/stm32cubeide_1.4.0/plugins/com.st.stm32cube.ide.mcu.externaltools.gnu-tools-for-stm32.9-2020-q2-update.linux64_1.5.0.202011040924/tools/bin/../lib/gcc/arm-none-eabi/9.3.1/../../../../arm-none-eabi/lib/thumb/v7-m/nofp/libc_nano.a(lib_a-nano-svfprintf.o)
 .ARM.attributes
                0x00000000000003d9       0x2d /opt/st/stm32cubeide_1.4.0/plugins/com.st.stm32cube.ide.mcu.externaltools.gnu-tools-for-stm32.9-2020-q2-update.linux64_1.5.0.202011040924/tools/bin/../lib/gcc/arm-none-eabi/9.3.1/../../../../arm-none-eabi/lib/thumb/v7-m/nofp/libc_nano.a(lib_a-nano-vfprintf_i.o)
 .ARM.attributes
                0x0000000000000406       0x2d /opt/st/stm32cubeide_1.4.0/plugins/com.st.stm32cube.ide.mcu.externaltools.gnu-tools-for-stm32.9-2020-q2-update.linux64_1.5.0.202011040924/tools/bin/../lib/gcc/arm-none-eabi/9.3.1/../../../../arm-none-eabi/lib/thumb/v7-m/nofp/libc_nano.a(lib_a-memchr-stub.o)
 .ARM.attributes
                0x0000000000000433       0x2d /opt/st/stm32cubeide_1.4.0/plugins/com.st.stm32cube.ide.mcu.externaltools.gnu-tools-for-stm32.9-2020-q2-update.linux64_1.5.0.202011040924/tools/bin/../lib/gcc/arm-none-eabi/9.3.1/../../../../arm-none-eabi/lib/thumb/v7-m/nofp/libc_nano.a(lib_a-memmove.o)
 .ARM.attributes
                0x0000000000000460       0x2d /opt/st/stm32cubeide_1.4.0/plugins/com.st.stm32cube.ide.mcu.externaltools.gnu-tools-for-stm32.9-2020-q2-update.linux64_1.5.0.202011040924/tools/bin/../lib/gcc/arm-none-eabi/9.3.1/../../../../arm-none-eabi/lib/thumb/v7-m/nofp/libc_nano.a(lib_a-nano-freer.o)
 .ARM.attributes
                0x000000000000048d       0x2d /opt/st/stm32cubeide_1.4.0/plugins/com.st.stm32cube.ide.mcu.externaltools.gnu-tools-for-stm32.9-2020-q2-update.linux64_1.5.0.202011040924/tools/bin/../lib/gcc/arm-none-eabi/9.3.1/../../../../arm-none-eabi/lib/thumb/v7-m/nofp/libc_nano.a(lib_a-nano-mallocr.o)
 .ARM.attributes
                0x00000000000004ba       0x2d /opt/st/stm32cubeide_1.4.0/plugins/com.st.stm32cube.ide.mcu.externaltools.gnu-tools-for-stm32.9-2020-q2-update.linux64_1.5.0.202011040924/tools/bin/../lib/gcc/arm-none-eabi/9.3.1/../../../../arm-none-eabi/lib/thumb/v7-m/nofp/libc_nano.a(lib_a-nano-reallocr.o)
 .ARM.attributes
                0x00000000000004e7       0x2d /opt/st/stm32cubeide_1.4.0/plugins/com.st.stm32cube.ide.mcu.externaltools.gnu-tools-for-stm32.9-2020-q2-update.linux64_1.5.0.202011040924/tools/bin/../lib/gcc/arm-none-eabi/9.3.1/../../../../arm-none-eabi/lib/thumb/v7-m/nofp/libc_nano.a(lib_a-sbrkr.o)
 .ARM.attributes
                0x0000000000000514       0x2d /opt/st/stm32cubeide_1.4.0/plugins/com.st.stm32cube.ide.mcu.externaltools.gnu-tools-for-stm32.9-2020-q2-update.linux64_1.5.0.202011040924/tools/bin/../lib/gcc/arm-none-eabi/9.3.1/../../../../arm-none-eabi/lib/thumb/v7-m/nofp/libc_nano.a(lib_a-mlock.o)
 .ARM.attributes
                0x0000000000000541       0x2d /opt/st/stm32cubeide_1.4.0/plugins/com.st.stm32cube.ide.mcu.externaltools.gnu-tools-for-stm32.9-2020-q2-update.linux64_1.5.0.202011040924/tools/bin/../lib/gcc/arm-none-eabi/9.3.1/../../../../arm-none-eabi/lib/thumb/v7-m/nofp/libc_nano.a(lib_a-nano-msizer.o)
 .ARM.attributes
                0x000000000000056e       0x2d /opt/st/stm32cubeide_1.4.0/plugins/com.st.stm32cube.ide.mcu.externaltools.gnu-tools-for-stm32.9-2020-q2-update.linux64_1.5.0.202011040924/tools/bin/../lib/gcc/arm-none-eabi/9.3.1/../../../../arm-none-eabi/lib/thumb/v7-m/nofp/libc_nano.a(lib_a-reent.o)
 .ARM.attributes
                0x000000000000059b       0x2d /opt/st/stm32cubeide_1.4.0/plugins/com.st.stm32cube.ide.mcu.externaltools.gnu-tools-for-stm32.9-2020-q2-update.linux64_1.5.0.202011040924/tools/bin/../lib/gcc/arm-none-eabi/9.3.1/../../../../arm-none-eabi/lib/thumb/v7-m/nofp/libc_nano.a(lib_a-lock.o)
 .ARM.attributes
                0x00000000000005c8       0x1d /opt/st/stm32cubeide_1.4.0/plugins/com.st.stm32cube.ide.mcu.externaltools.gnu-tools-for-stm32.9-2020-q2-update.linux64_1.5.0.202011040924/tools/bin/../lib/gcc/arm-none-eabi/9.3.1/thumb/v7-m/nofp/crtn.o
OUTPUT(NRF_Reciver.elf elf32-littlearm)
LOAD linker stubs
LOAD /opt/st/stm32cubeide_1.4.0/plugins/com.st.stm32cube.ide.mcu.externaltools.gnu-tools-for-stm32.9-2020-q2-update.linux64_1.5.0.202011040924/tools/bin/../lib/gcc/arm-none-eabi/9.3.1/../../../../arm-none-eabi/lib/thumb/v7-m/nofp/libc.a
LOAD /opt/st/stm32cubeide_1.4.0/plugins/com.st.stm32cube.ide.mcu.externaltools.gnu-tools-for-stm32.9-2020-q2-update.linux64_1.5.0.202011040924/tools/bin/../lib/gcc/arm-none-eabi/9.3.1/../../../../arm-none-eabi/lib/thumb/v7-m/nofp/libm.a
LOAD /opt/st/stm32cubeide_1.4.0/plugins/com.st.stm32cube.ide.mcu.externaltools.gnu-tools-for-stm32.9-2020-q2-update.linux64_1.5.0.202011040924/tools/bin/../lib/gcc/arm-none-eabi/9.3.1/thumb/v7-m/nofp/libgcc.a

.debug_info     0x0000000000000000     0xcea5
 .debug_info    0x0000000000000000      0x84c Drivers/STM32F1xx_HAL_Driver/Src/stm32f1xx_hal.o
 .debug_info    0x000000000000084c      0xe1a Drivers/STM32F1xx_HAL_Driver/Src/stm32f1xx_hal_cortex.o
 .debug_info    0x0000000000001666      0x734 Drivers/STM32F1xx_HAL_Driver/Src/stm32f1xx_hal_gpio.o
 .debug_info    0x0000000000001d9a      0xad1 Drivers/STM32F1xx_HAL_Driver/Src/stm32f1xx_hal_rcc.o
 .debug_info    0x000000000000286b     0x1e9f Drivers/STM32F1xx_HAL_Driver/Src/stm32f1xx_hal_spi.o
 .debug_info    0x000000000000470a     0x1910 Drivers/STM32F1xx_HAL_Driver/Src/stm32f1xx_hal_uart.o
 .debug_info    0x000000000000601a     0x1ecf Src/main.o
 .debug_info    0x0000000000007ee9     0x2ae8 Src/nrf24l01.o
 .debug_info    0x000000000000a9d1      0xcc0 Src/stm32f1xx_hal_msp.o
 .debug_info    0x000000000000b691      0x214 Src/stm32f1xx_it.o
 .debug_info    0x000000000000b8a5     0x1162 Src/syscalls.o
 .debug_info    0x000000000000ca07      0x47c Src/system_stm32f1xx.o
 .debug_info    0x000000000000ce83       0x22 startup/startup_stm32f103xb.o

.debug_abbrev   0x0000000000000000     0x21e3
 .debug_abbrev  0x0000000000000000      0x291 Drivers/STM32F1xx_HAL_Driver/Src/stm32f1xx_hal.o
 .debug_abbrev  0x0000000000000291      0x378 Drivers/STM32F1xx_HAL_Driver/Src/stm32f1xx_hal_cortex.o
 .debug_abbrev  0x0000000000000609      0x214 Drivers/STM32F1xx_HAL_Driver/Src/stm32f1xx_hal_gpio.o
 .debug_abbrev  0x000000000000081d      0x2e6 Drivers/STM32F1xx_HAL_Driver/Src/stm32f1xx_hal_rcc.o
 .debug_abbrev  0x0000000000000b03      0x340 Drivers/STM32F1xx_HAL_Driver/Src/stm32f1xx_hal_spi.o
 .debug_abbrev  0x0000000000000e43      0x348 Drivers/STM32F1xx_HAL_Driver/Src/stm32f1xx_hal_uart.o
 .debug_abbrev  0x000000000000118b      0x3b6 Src/main.o
 .debug_abbrev  0x0000000000001541      0x4f4 Src/nrf24l01.o
 .debug_abbrev  0x0000000000001a35      0x1fb Src/stm32f1xx_hal_msp.o
 .debug_abbrev  0x0000000000001c30      0x129 Src/stm32f1xx_it.o
 .debug_abbrev  0x0000000000001d59      0x324 Src/syscalls.o
 .debug_abbrev  0x000000000000207d      0x154 Src/system_stm32f1xx.o
 .debug_abbrev  0x00000000000021d1       0x12 startup/startup_stm32f103xb.o

.debug_loc      0x0000000000000000     0x508a
 .debug_loc     0x0000000000000000      0x113 Drivers/STM32F1xx_HAL_Driver/Src/stm32f1xx_hal.o
 .debug_loc     0x0000000000000113      0x4c5 Drivers/STM32F1xx_HAL_Driver/Src/stm32f1xx_hal_cortex.o
 .debug_loc     0x00000000000005d8      0x3e1 Drivers/STM32F1xx_HAL_Driver/Src/stm32f1xx_hal_gpio.o
 .debug_loc     0x00000000000009b9      0x5dd Drivers/STM32F1xx_HAL_Driver/Src/stm32f1xx_hal_rcc.o
 .debug_loc     0x0000000000000f96     0x189c Drivers/STM32F1xx_HAL_Driver/Src/stm32f1xx_hal_spi.o
 .debug_loc     0x0000000000002832     0x1606 Drivers/STM32F1xx_HAL_Driver/Src/stm32f1xx_hal_uart.o
 .debug_loc     0x0000000000003e38       0xb4 Src/main.o
 .debug_loc     0x0000000000003eec      0xb8b Src/nrf24l01.o
 .debug_loc     0x0000000000004a77       0xdd Src/stm32f1xx_hal_msp.o
 .debug_loc     0x0000000000004b54      0x44f Src/syscalls.o
 .debug_loc     0x0000000000004fa3       0xe7 Src/system_stm32f1xx.o

.debug_aranges  0x0000000000000000      0x8c0
 .debug_aranges
                0x0000000000000000       0xd8 Drivers/STM32F1xx_HAL_Driver/Src/stm32f1xx_hal.o
 .debug_aranges
                0x00000000000000d8       0x90 Drivers/STM32F1xx_HAL_Driver/Src/stm32f1xx_hal_cortex.o
 .debug_aranges
                0x0000000000000168       0x58 Drivers/STM32F1xx_HAL_Driver/Src/stm32f1xx_hal_gpio.o
 .debug_aranges
                0x00000000000001c0       0x88 Drivers/STM32F1xx_HAL_Driver/Src/stm32f1xx_hal_rcc.o
 .debug_aranges
                0x0000000000000248      0x188 Drivers/STM32F1xx_HAL_Driver/Src/stm32f1xx_hal_spi.o
 .debug_aranges
                0x00000000000003d0      0x170 Drivers/STM32F1xx_HAL_Driver/Src/stm32f1xx_hal_uart.o
 .debug_aranges
                0x0000000000000540       0x38 Src/main.o
 .debug_aranges
                0x0000000000000578      0x1c0 Src/nrf24l01.o
 .debug_aranges
                0x0000000000000738       0x40 Src/stm32f1xx_hal_msp.o
 .debug_aranges
                0x0000000000000778       0x48 Src/stm32f1xx_it.o
 .debug_aranges
                0x00000000000007c0       0xb0 Src/syscalls.o
 .debug_aranges
                0x0000000000000870       0x28 Src/system_stm32f1xx.o
 .debug_aranges
                0x0000000000000898       0x28 startup/startup_stm32f103xb.o

.debug_ranges   0x0000000000000000      0xb30
 .debug_ranges  0x0000000000000000       0xc8 Drivers/STM32F1xx_HAL_Driver/Src/stm32f1xx_hal.o
 .debug_ranges  0x00000000000000c8      0x150 Drivers/STM32F1xx_HAL_Driver/Src/stm32f1xx_hal_cortex.o
 .debug_ranges  0x0000000000000218       0x60 Drivers/STM32F1xx_HAL_Driver/Src/stm32f1xx_hal_gpio.o
 .debug_ranges  0x0000000000000278       0xb8 Drivers/STM32F1xx_HAL_Driver/Src/stm32f1xx_hal_rcc.o
 .debug_ranges  0x0000000000000330      0x190 Drivers/STM32F1xx_HAL_Driver/Src/stm32f1xx_hal_spi.o
 .debug_ranges  0x00000000000004c0      0x180 Drivers/STM32F1xx_HAL_Driver/Src/stm32f1xx_hal_uart.o
 .debug_ranges  0x0000000000000640       0xe8 Src/main.o
 .debug_ranges  0x0000000000000728      0x1f8 Src/nrf24l01.o
 .debug_ranges  0x0000000000000920       0xe8 Src/stm32f1xx_hal_msp.o
 .debug_ranges  0x0000000000000a08       0x38 Src/stm32f1xx_it.o
 .debug_ranges  0x0000000000000a40       0xb8 Src/syscalls.o
 .debug_ranges  0x0000000000000af8       0x18 Src/system_stm32f1xx.o
 .debug_ranges  0x0000000000000b10       0x20 startup/startup_stm32f103xb.o

.debug_macro    0x0000000000000000    0x14c2e
 .debug_macro   0x0000000000000000      0x1b3 Drivers/STM32F1xx_HAL_Driver/Src/stm32f1xx_hal.o
 .debug_macro   0x00000000000001b3      0xaa8 Drivers/STM32F1xx_HAL_Driver/Src/stm32f1xx_hal.o
 .debug_macro   0x0000000000000c5b      0x21b Drivers/STM32F1xx_HAL_Driver/Src/stm32f1xx_hal.o
 .debug_macro   0x0000000000000e76       0x2e Drivers/STM32F1xx_HAL_Driver/Src/stm32f1xx_hal.o
 .debug_macro   0x0000000000000ea4       0x22 Drivers/STM32F1xx_HAL_Driver/Src/stm32f1xx_hal.o
 .debug_macro   0x0000000000000ec6       0x22 Drivers/STM32F1xx_HAL_Driver/Src/stm32f1xx_hal.o
 .debug_macro   0x0000000000000ee8       0x8e Drivers/STM32F1xx_HAL_Driver/Src/stm32f1xx_hal.o
 .debug_macro   0x0000000000000f76       0x51 Drivers/STM32F1xx_HAL_Driver/Src/stm32f1xx_hal.o
 .debug_macro   0x0000000000000fc7      0x103 Drivers/STM32F1xx_HAL_Driver/Src/stm32f1xx_hal.o
 .debug_macro   0x00000000000010ca       0x6a Drivers/STM32F1xx_HAL_Driver/Src/stm32f1xx_hal.o
 .debug_macro   0x0000000000001134      0x1df Drivers/STM32F1xx_HAL_Driver/Src/stm32f1xx_hal.o
 .debug_macro   0x0000000000001313       0x1c Drivers/STM32F1xx_HAL_Driver/Src/stm32f1xx_hal.o
 .debug_macro   0x000000000000132f       0x22 Drivers/STM32F1xx_HAL_Driver/Src/stm32f1xx_hal.o
 .debug_macro   0x0000000000001351       0xc3 Drivers/STM32F1xx_HAL_Driver/Src/stm32f1xx_hal.o
 .debug_macro   0x0000000000001414      0xd23 Drivers/STM32F1xx_HAL_Driver/Src/stm32f1xx_hal.o
 .debug_macro   0x0000000000002137     0xe09e Drivers/STM32F1xx_HAL_Driver/Src/stm32f1xx_hal.o
 .debug_macro   0x00000000000101d5       0x43 Drivers/STM32F1xx_HAL_Driver/Src/stm32f1xx_hal.o
 .debug_macro   0x0000000000010218      0x174 Drivers/STM32F1xx_HAL_Driver/Src/stm32f1xx_hal.o
 .debug_macro   0x000000000001038c       0x4e Drivers/STM32F1xx_HAL_Driver/Src/stm32f1xx_hal.o
 .debug_macro   0x00000000000103da      0x5be Drivers/STM32F1xx_HAL_Driver/Src/stm32f1xx_hal.o
 .debug_macro   0x0000000000010998      0x289 Drivers/STM32F1xx_HAL_Driver/Src/stm32f1xx_hal.o
 .debug_macro   0x0000000000010c21      0x1cb Drivers/STM32F1xx_HAL_Driver/Src/stm32f1xx_hal.o
 .debug_macro   0x0000000000010dec      0x114 Drivers/STM32F1xx_HAL_Driver/Src/stm32f1xx_hal.o
 .debug_macro   0x0000000000010f00      0x1b2 Drivers/STM32F1xx_HAL_Driver/Src/stm32f1xx_hal.o
 .debug_macro   0x00000000000110b2       0x27 Drivers/STM32F1xx_HAL_Driver/Src/stm32f1xx_hal.o
 .debug_macro   0x00000000000110d9      0x136 Drivers/STM32F1xx_HAL_Driver/Src/stm32f1xx_hal.o
 .debug_macro   0x000000000001120f      0x1bc Drivers/STM32F1xx_HAL_Driver/Src/stm32f1xx_hal.o
 .debug_macro   0x00000000000113cb       0x34 Drivers/STM32F1xx_HAL_Driver/Src/stm32f1xx_hal.o
 .debug_macro   0x00000000000113ff       0x3c Drivers/STM32F1xx_HAL_Driver/Src/stm32f1xx_hal.o
 .debug_macro   0x000000000001143b       0x57 Drivers/STM32F1xx_HAL_Driver/Src/stm32f1xx_hal.o
 .debug_macro   0x0000000000011492       0x88 Drivers/STM32F1xx_HAL_Driver/Src/stm32f1xx_hal.o
 .debug_macro   0x000000000001151a      0x241 Drivers/STM32F1xx_HAL_Driver/Src/stm32f1xx_hal.o
 .debug_macro   0x000000000001175b      0x141 Drivers/STM32F1xx_HAL_Driver/Src/stm32f1xx_hal.o
 .debug_macro   0x000000000001189c      0x217 Drivers/STM32F1xx_HAL_Driver/Src/stm32f1xx_hal.o
 .debug_macro   0x0000000000011ab3      0x26b Drivers/STM32F1xx_HAL_Driver/Src/stm32f1xx_hal.o
 .debug_macro   0x0000000000011d1e       0x83 Drivers/STM32F1xx_HAL_Driver/Src/stm32f1xx_hal.o
 .debug_macro   0x0000000000011da1      0x18f Drivers/STM32F1xx_HAL_Driver/Src/stm32f1xx_hal_cortex.o
 .debug_macro   0x0000000000011f30      0x1fa Drivers/STM32F1xx_HAL_Driver/Src/stm32f1xx_hal_gpio.o
 .debug_macro   0x000000000001212a      0x1a1 Drivers/STM32F1xx_HAL_Driver/Src/stm32f1xx_hal_rcc.o
 .debug_macro   0x00000000000122cb      0x197 Drivers/STM32F1xx_HAL_Driver/Src/stm32f1xx_hal_spi.o
 .debug_macro   0x0000000000012462      0x190 Drivers/STM32F1xx_HAL_Driver/Src/stm32f1xx_hal_uart.o
 .debug_macro   0x00000000000125f2      0x349 Src/main.o
 .debug_macro   0x000000000001293b       0x34 Src/main.o
 .debug_macro   0x000000000001296f       0x52 Src/main.o
 .debug_macro   0x00000000000129c1       0x18 Src/main.o
 .debug_macro   0x00000000000129d9       0x3c Src/main.o
 .debug_macro   0x0000000000012a15       0x34 Src/main.o
 .debug_macro   0x0000000000012a49       0x16 Src/main.o
 .debug_macro   0x0000000000012a5f       0x43 Src/main.o
 .debug_macro   0x0000000000012aa2       0x34 Src/main.o
 .debug_macro   0x0000000000012ad6       0x10 Src/main.o
 .debug_macro   0x0000000000012ae6       0x58 Src/main.o
 .debug_macro   0x0000000000012b3e       0x71 Src/main.o
 .debug_macro   0x0000000000012baf       0x1c Src/main.o
 .debug_macro   0x0000000000012bcb      0x12a Src/main.o
 .debug_macro   0x0000000000012cf5      0x333 Src/main.o
 .debug_macro   0x0000000000013028       0x10 Src/main.o
 .debug_macro   0x0000000000013038       0x35 Src/main.o
 .debug_macro   0x000000000001306d       0x20 Src/main.o
 .debug_macro   0x000000000001308d       0x1c Src/main.o
 .debug_macro   0x00000000000130a9       0x10 Src/main.o
 .debug_macro   0x00000000000130b9       0x10 Src/main.o
 .debug_macro   0x00000000000130c9       0x1c Src/main.o
 .debug_macro   0x00000000000130e5       0x52 Src/main.o
 .debug_macro   0x0000000000013137       0x22 Src/main.o
 .debug_macro   0x0000000000013159       0x10 Src/main.o
 .debug_macro   0x0000000000013169       0x40 Src/main.o
 .debug_macro   0x00000000000131a9       0xd5 Src/main.o
 .debug_macro   0x000000000001327e       0x1c Src/main.o
 .debug_macro   0x000000000001329a       0x3d Src/main.o
 .debug_macro   0x00000000000132d7       0x16 Src/main.o
 .debug_macro   0x00000000000132ed      0x145 Src/main.o
 .debug_macro   0x0000000000013432       0x22 Src/main.o
 .debug_macro   0x0000000000013454      0x232 Src/main.o
 .debug_macro   0x0000000000013686      0x35d Src/nrf24l01.o
 .debug_macro   0x00000000000139e3      0x19e Src/stm32f1xx_hal_msp.o
 .debug_macro   0x0000000000013b81      0x1a8 Src/stm32f1xx_it.o
 .debug_macro   0x0000000000013d29      0x24c Src/syscalls.o
 .debug_macro   0x0000000000013f75       0x4c Src/syscalls.o
 .debug_macro   0x0000000000013fc1       0x94 Src/syscalls.o
 .debug_macro   0x0000000000014055       0x57 Src/syscalls.o
 .debug_macro   0x00000000000140ac      0x339 Src/syscalls.o
 .debug_macro   0x00000000000143e5       0x10 Src/syscalls.o
 .debug_macro   0x00000000000143f5       0x10 Src/syscalls.o
 .debug_macro   0x0000000000014405       0x10 Src/syscalls.o
 .debug_macro   0x0000000000014415       0x35 Src/syscalls.o
 .debug_macro   0x000000000001444a      0x12c Src/syscalls.o
 .debug_macro   0x0000000000014576       0x16 Src/syscalls.o
 .debug_macro   0x000000000001458c       0x16 Src/syscalls.o
 .debug_macro   0x00000000000145a2       0x29 Src/syscalls.o
 .debug_macro   0x00000000000145cb       0x10 Src/syscalls.o
 .debug_macro   0x00000000000145db      0x241 Src/syscalls.o
 .debug_macro   0x000000000001481c       0x10 Src/syscalls.o
 .debug_macro   0x000000000001482c      0x189 Src/syscalls.o
 .debug_macro   0x00000000000149b5       0x16 Src/syscalls.o
 .debug_macro   0x00000000000149cb       0xce Src/syscalls.o
 .debug_macro   0x0000000000014a99      0x195 Src/system_stm32f1xx.o

.debug_line     0x0000000000000000     0xb0c6
 .debug_line    0x0000000000000000      0x915 Drivers/STM32F1xx_HAL_Driver/Src/stm32f1xx_hal.o
 .debug_line    0x0000000000000915      0xac6 Drivers/STM32F1xx_HAL_Driver/Src/stm32f1xx_hal_cortex.o
 .debug_line    0x00000000000013db      0x9b3 Drivers/STM32F1xx_HAL_Driver/Src/stm32f1xx_hal_gpio.o
 .debug_line    0x0000000000001d8e      0xffa Drivers/STM32F1xx_HAL_Driver/Src/stm32f1xx_hal_rcc.o
 .debug_line    0x0000000000002d88     0x2603 Drivers/STM32F1xx_HAL_Driver/Src/stm32f1xx_hal_spi.o
 .debug_line    0x000000000000538b     0x1f67 Drivers/STM32F1xx_HAL_Driver/Src/stm32f1xx_hal_uart.o
 .debug_line    0x00000000000072f2      0xbb8 Src/main.o
 .debug_line    0x0000000000007eaa     0x13e6 Src/nrf24l01.o
 .debug_line    0x0000000000009290      0x769 Src/stm32f1xx_hal_msp.o
 .debug_line    0x00000000000099f9      0x6a4 Src/stm32f1xx_it.o
 .debug_line    0x000000000000a09d      0x8ee Src/syscalls.o
 .debug_line    0x000000000000a98b      0x6be Src/system_stm32f1xx.o
 .debug_line    0x000000000000b049       0x7d startup/startup_stm32f103xb.o

.debug_str      0x0000000000000000    0x6dfb3
 .debug_str     0x0000000000000000    0x6609a Drivers/STM32F1xx_HAL_Driver/Src/stm32f1xx_hal.o
                                      0x663de (size before relaxing)
 .debug_str     0x000000000006609a      0x2e1 Drivers/STM32F1xx_HAL_Driver/Src/stm32f1xx_hal_cortex.o
                                      0x663a7 (size before relaxing)
 .debug_str     0x000000000006637b      0x3a9 Drivers/STM32F1xx_HAL_Driver/Src/stm32f1xx_hal_gpio.o
                                      0x660d2 (size before relaxing)
 .debug_str     0x0000000000066724      0x373 Drivers/STM32F1xx_HAL_Driver/Src/stm32f1xx_hal_rcc.o
                                      0x66132 (size before relaxing)
 .debug_str     0x0000000000066a97      0x8ef Drivers/STM32F1xx_HAL_Driver/Src/stm32f1xx_hal_spi.o
                                      0x66635 (size before relaxing)
 .debug_str     0x0000000000067386      0x693 Drivers/STM32F1xx_HAL_Driver/Src/stm32f1xx_hal_uart.o
                                      0x66671 (size before relaxing)
 .debug_str     0x0000000000067a19     0x4889 Src/main.o
                                      0x6ad5e (size before relaxing)
 .debug_str     0x000000000006c2a2      0x404 Src/nrf24l01.o
                                      0x6ada1 (size before relaxing)
 .debug_str     0x000000000006c6a6       0x1b Src/stm32f1xx_hal_msp.o
                                      0x663a6 (size before relaxing)
 .debug_str     0x000000000006c6c1       0xb8 Src/stm32f1xx_it.o
                                      0x65de6 (size before relaxing)
 .debug_str     0x000000000006c779     0x17a2 Src/syscalls.o
                                       0x8f11 (size before relaxing)
 .debug_str     0x000000000006df1b       0x69 Src/system_stm32f1xx.o
                                      0x65d83 (size before relaxing)
 .debug_str     0x000000000006df84       0x2f startup/startup_stm32f103xb.o
                                         0x51 (size before relaxing)

.comment        0x0000000000000000       0x53
 .comment       0x0000000000000000       0x53 Drivers/STM32F1xx_HAL_Driver/Src/stm32f1xx_hal.o
                                         0x54 (size before relaxing)
 .comment       0x0000000000000053       0x54 Drivers/STM32F1xx_HAL_Driver/Src/stm32f1xx_hal_cortex.o
 .comment       0x0000000000000053       0x54 Drivers/STM32F1xx_HAL_Driver/Src/stm32f1xx_hal_gpio.o
 .comment       0x0000000000000053       0x54 Drivers/STM32F1xx_HAL_Driver/Src/stm32f1xx_hal_rcc.o
 .comment       0x0000000000000053       0x54 Drivers/STM32F1xx_HAL_Driver/Src/stm32f1xx_hal_spi.o
 .comment       0x0000000000000053       0x54 Drivers/STM32F1xx_HAL_Driver/Src/stm32f1xx_hal_uart.o
 .comment       0x0000000000000053       0x54 Src/main.o
 .comment       0x0000000000000053       0x54 Src/nrf24l01.o
 .comment       0x0000000000000053       0x54 Src/stm32f1xx_hal_msp.o
 .comment       0x0000000000000053       0x54 Src/stm32f1xx_it.o
 .comment       0x0000000000000053       0x54 Src/syscalls.o
 .comment       0x0000000000000053       0x54 Src/system_stm32f1xx.o

.debug_frame    0x0000000000000000     0x1c78
 .debug_frame   0x0000000000000000      0x1d4 Drivers/STM32F1xx_HAL_Driver/Src/stm32f1xx_hal.o
 .debug_frame   0x00000000000001d4      0x120 Drivers/STM32F1xx_HAL_Driver/Src/stm32f1xx_hal_cortex.o
 .debug_frame   0x00000000000002f4       0xd8 Drivers/STM32F1xx_HAL_Driver/Src/stm32f1xx_hal_gpio.o
 .debug_frame   0x00000000000003cc      0x150 Drivers/STM32F1xx_HAL_Driver/Src/stm32f1xx_hal_rcc.o
 .debug_frame   0x000000000000051c      0x584 Drivers/STM32F1xx_HAL_Driver/Src/stm32f1xx_hal_spi.o
 .debug_frame   0x0000000000000aa0      0x498 Drivers/STM32F1xx_HAL_Driver/Src/stm32f1xx_hal_uart.o
 .debug_frame   0x0000000000000f38       0x74 Src/main.o
 .debug_frame   0x0000000000000fac      0x550 Src/nrf24l01.o
 .debug_frame   0x00000000000014fc       0x88 Src/stm32f1xx_hal_msp.o
 .debug_frame   0x0000000000001584       0xa0 Src/stm32f1xx_it.o
 .debug_frame   0x0000000000001624      0x1a8 Src/syscalls.o
 .debug_frame   0x00000000000017cc       0x30 Src/system_stm32f1xx.o
 .debug_frame   0x00000000000017fc       0x20 /opt/st/stm32cubeide_1.4.0/plugins/com.st.stm32cube.ide.mcu.externaltools.gnu-tools-for-stm32.9-2020-q2-update.linux64_1.5.0.202011040924/tools/bin/../lib/gcc/arm-none-eabi/9.3.1/../../../../arm-none-eabi/lib/thumb/v7-m/nofp/libc_nano.a(lib_a-errno.o)
 .debug_frame   0x000000000000181c       0x2c /opt/st/stm32cubeide_1.4.0/plugins/com.st.stm32cube.ide.mcu.externaltools.gnu-tools-for-stm32.9-2020-q2-update.linux64_1.5.0.202011040924/tools/bin/../lib/gcc/arm-none-eabi/9.3.1/../../../../arm-none-eabi/lib/thumb/v7-m/nofp/libc_nano.a(lib_a-init.o)
 .debug_frame   0x0000000000001848       0x28 /opt/st/stm32cubeide_1.4.0/plugins/com.st.stm32cube.ide.mcu.externaltools.gnu-tools-for-stm32.9-2020-q2-update.linux64_1.5.0.202011040924/tools/bin/../lib/gcc/arm-none-eabi/9.3.1/../../../../arm-none-eabi/lib/thumb/v7-m/nofp/libc_nano.a(lib_a-memcpy-stub.o)
 .debug_frame   0x0000000000001870       0x20 /opt/st/stm32cubeide_1.4.0/plugins/com.st.stm32cube.ide.mcu.externaltools.gnu-tools-for-stm32.9-2020-q2-update.linux64_1.5.0.202011040924/tools/bin/../lib/gcc/arm-none-eabi/9.3.1/../../../../arm-none-eabi/lib/thumb/v7-m/nofp/libc_nano.a(lib_a-memset.o)
 .debug_frame   0x0000000000001890       0x7c /opt/st/stm32cubeide_1.4.0/plugins/com.st.stm32cube.ide.mcu.externaltools.gnu-tools-for-stm32.9-2020-q2-update.linux64_1.5.0.202011040924/tools/bin/../lib/gcc/arm-none-eabi/9.3.1/../../../../arm-none-eabi/lib/thumb/v7-m/nofp/libc_nano.a(lib_a-snprintf.o)
 .debug_frame   0x000000000000190c       0x90 /opt/st/stm32cubeide_1.4.0/plugins/com.st.stm32cube.ide.mcu.externaltools.gnu-tools-for-stm32.9-2020-q2-update.linux64_1.5.0.202011040924/tools/bin/../lib/gcc/arm-none-eabi/9.3.1/../../../../arm-none-eabi/lib/thumb/v7-m/nofp/libc_nano.a(lib_a-nano-svfprintf.o)
 .debug_frame   0x000000000000199c       0x60 /opt/st/stm32cubeide_1.4.0/plugins/com.st.stm32cube.ide.mcu.externaltools.gnu-tools-for-stm32.9-2020-q2-update.linux64_1.5.0.202011040924/tools/bin/../lib/gcc/arm-none-eabi/9.3.1/../../../../arm-none-eabi/lib/thumb/v7-m/nofp/libc_nano.a(lib_a-nano-vfprintf_i.o)
 .debug_frame   0x00000000000019fc       0x28 /opt/st/stm32cubeide_1.4.0/plugins/com.st.stm32cube.ide.mcu.externaltools.gnu-tools-for-stm32.9-2020-q2-update.linux64_1.5.0.202011040924/tools/bin/../lib/gcc/arm-none-eabi/9.3.1/../../../../arm-none-eabi/lib/thumb/v7-m/nofp/libc_nano.a(lib_a-memchr-stub.o)
 .debug_frame   0x0000000000001a24       0x28 /opt/st/stm32cubeide_1.4.0/plugins/com.st.stm32cube.ide.mcu.externaltools.gnu-tools-for-stm32.9-2020-q2-update.linux64_1.5.0.202011040924/tools/bin/../lib/gcc/arm-none-eabi/9.3.1/../../../../arm-none-eabi/lib/thumb/v7-m/nofp/libc_nano.a(lib_a-memmove.o)
 .debug_frame   0x0000000000001a4c       0x38 /opt/st/stm32cubeide_1.4.0/plugins/com.st.stm32cube.ide.mcu.externaltools.gnu-tools-for-stm32.9-2020-q2-update.linux64_1.5.0.202011040924/tools/bin/../lib/gcc/arm-none-eabi/9.3.1/../../../../arm-none-eabi/lib/thumb/v7-m/nofp/libc_nano.a(lib_a-nano-freer.o)
 .debug_frame   0x0000000000001a84       0x30 /opt/st/stm32cubeide_1.4.0/plugins/com.st.stm32cube.ide.mcu.externaltools.gnu-tools-for-stm32.9-2020-q2-update.linux64_1.5.0.202011040924/tools/bin/../lib/gcc/arm-none-eabi/9.3.1/../../../../arm-none-eabi/lib/thumb/v7-m/nofp/libc_nano.a(lib_a-nano-mallocr.o)
 .debug_frame   0x0000000000001ab4       0x3c /opt/st/stm32cubeide_1.4.0/plugins/com.st.stm32cube.ide.mcu.externaltools.gnu-tools-for-stm32.9-2020-q2-update.linux64_1.5.0.202011040924/tools/bin/../lib/gcc/arm-none-eabi/9.3.1/../../../../arm-none-eabi/lib/thumb/v7-m/nofp/libc_nano.a(lib_a-nano-reallocr.o)
 .debug_frame   0x0000000000001af0       0x2c /opt/st/stm32cubeide_1.4.0/plugins/com.st.stm32cube.ide.mcu.externaltools.gnu-tools-for-stm32.9-2020-q2-update.linux64_1.5.0.202011040924/tools/bin/../lib/gcc/arm-none-eabi/9.3.1/../../../../arm-none-eabi/lib/thumb/v7-m/nofp/libc_nano.a(lib_a-sbrkr.o)
 .debug_frame   0x0000000000001b1c       0x30 /opt/st/stm32cubeide_1.4.0/plugins/com.st.stm32cube.ide.mcu.externaltools.gnu-tools-for-stm32.9-2020-q2-update.linux64_1.5.0.202011040924/tools/bin/../lib/gcc/arm-none-eabi/9.3.1/../../../../arm-none-eabi/lib/thumb/v7-m/nofp/libc_nano.a(lib_a-mlock.o)
 .debug_frame   0x0000000000001b4c       0x20 /opt/st/stm32cubeide_1.4.0/plugins/com.st.stm32cube.ide.mcu.externaltools.gnu-tools-for-stm32.9-2020-q2-update.linux64_1.5.0.202011040924/tools/bin/../lib/gcc/arm-none-eabi/9.3.1/../../../../arm-none-eabi/lib/thumb/v7-m/nofp/libc_nano.a(lib_a-nano-msizer.o)
 .debug_frame   0x0000000000001b6c       0x5c /opt/st/stm32cubeide_1.4.0/plugins/com.st.stm32cube.ide.mcu.externaltools.gnu-tools-for-stm32.9-2020-q2-update.linux64_1.5.0.202011040924/tools/bin/../lib/gcc/arm-none-eabi/9.3.1/../../../../arm-none-eabi/lib/thumb/v7-m/nofp/libc_nano.a(lib_a-reent.o)
 .debug_frame   0x0000000000001bc8       0xb0 /opt/st/stm32cubeide_1.4.0/plugins/com.st.stm32cube.ide.mcu.externaltools.gnu-tools-for-stm32.9-2020-q2-update.linux64_1.5.0.202011040924/tools/bin/../lib/gcc/arm-none-eabi/9.3.1/../../../../arm-none-eabi/lib/thumb/v7-m/nofp/libc_nano.a(lib_a-lock.o)
