15:24:20 **** Incremental Build of configuration Debug for project clock4windows ****
make -j8 all 
arm-none-eabi-gcc "../Core/Src/main.c" -mcpu=cortex-m3 -std=gnu11 -g3 -DUSE_HAL_DRIVER -DSTM32F103xB -DDEBUG -c -I../Core/Inc -I../Drivers/STM32F1xx_HAL_Driver/Inc -I../Drivers/STM32F1xx_HAL_Driver/Inc/Legacy -I../Drivers/CMSIS/Device/ST/STM32F1xx/Include -I../Drivers/CMSIS/Include -O0 -ffunction-sections -fdata-sections -Wall -fstack-usage -MMD -MP -MF"Core/Src/main.d" -MT"Core/Src/main.o" --specs=nano.specs -mfloat-abi=soft -mthumb -o "Core/Src/main.o"
arm-none-eabi-gcc -o "clock4windows.elf" @"objects.list"   -mcpu=cortex-m3 -T"/home/itlai/DIST/STM32/clock4windows/STM32F103C8TX_FLASH.ld" --specs=nosys.specs -Wl,-Map="clock4windows.map" -Wl,--gc-sections -static --specs=nano.specs -mfloat-abi=soft -mthumb -Wl,--start-group -lc -lm -Wl,--end-group
Finished building target: clock4windows.elf
 
arm-none-eabi-objdump -h -S  clock4windows.elf  > "clock4windows.list"
arm-none-eabi-objcopy  -O binary  clock4windows.elf  "clock4windows.bin"
arm-none-eabi-size   clock4windows.elf 
   text	   data	    bss	    dec	    hex	filename
  13696	     32	   1824	  15552	   3cc0	clock4windows.elf
Finished building: default.size.stdout
 
Finished building: clock4windows.bin
 
Finished building: clock4windows.list
 

15:24:20 Build Finished. 0 errors, 0 warnings. (took 482ms)

